 analyze.dan

 Timestamp is 58dab2c8 (Tue Mar 28 15:00:24 2017)

 Preferred load address is 0000000140000000

 Start         Length     Name                   Class
 0001:00000000 0017764bH .text                   CODE
 0001:00177650 0000001fH .text$0                 CODE
 0001:00177670 00000080H .text$00                CODE
 0001:001776f0 000003aeH .text$x                 CODE
 0002:00000000 00000380H .idata$5                DATA
 0002:00000380 00000008H .CRT$XCA                DATA
 0002:00000388 00000008H .CRT$XCF                DATA
 0002:00000390 00000008H .CRT$XCZ                DATA
 0002:00000398 00000008H .CRT$XIA                DATA
 0002:000003a0 00000020H .CRT$XIC                DATA
 0002:000003c0 00000008H .CRT$XIY                DATA
 0002:000003c8 00000008H .CRT$XIZ                DATA
 0002:000003d0 00000008H .CRT$XPA                DATA
 0002:000003d8 00000008H .CRT$XPX                DATA
 0002:000003e0 00000008H .CRT$XPXA               DATA
 0002:000003e8 00000008H .CRT$XPZ                DATA
 0002:000003f0 00000008H .CRT$XTA                DATA
 0002:000003f8 00000008H .CRT$XTZ                DATA
 0002:00000400 0002e3e0H .rdata                  DATA
 0002:0002e7e0 00000008H .rtc$IAA                DATA
 0002:0002e7e8 00000008H .rtc$IZZ                DATA
 0002:0002e7f0 00000008H .rtc$TAA                DATA
 0002:0002e7f8 00000008H .rtc$TZZ                DATA
 0002:0002e800 00005c60H .xdata                  DATA
 0002:00034460 000011c8H .xdata$x                DATA
 0002:00035628 00000028H .idata$2                DATA
 0002:00035650 00000014H .idata$3                DATA
 0002:00035668 00000380H .idata$4                DATA
 0002:000359e8 000007e2H .idata$6                DATA
 0002:000361ca 00000000H .edata                  DATA
 0003:00000000 00009460H .data                   DATA
 0003:00009460 05a6a2c8H .bss                    DATA
 0004:00000000 00003be8H .pdata                  DATA
 0004:00003be8 00000e04H .pdata$x                DATA
 0005:00000000 00001980H .trace                  DATA

  Address         Publics by Value              Rva+Base               Lib:Object

 0000:00000000       ___safe_se_handler_table   0000000000000000     <absolute>
 0000:00000000       ___safe_se_handler_count   0000000000000000     <absolute>
 0000:00000000       __ImageBase                0000000140000000     <linker-defined>
 0001:00000000       MAIN__                     0000000140001000 f   flipmain.obj
 0001:000007f0       FLCMND                     00000001400017f0 f   flipmgt.obj
 0001:00002c70       FDEBUG                     0000000140003c70 f   flipmgt.obj
 0001:00003f20       FLINIT                     0000000140004f20 f   flipmgt.obj
 0001:00005890       FDICIN                     0000000140006890 f   fldictry.obj
 0001:00006390       FQUEST                     0000000140007390 f   fldictry.obj
 0001:000070c0       FDTEXT                     00000001400080c0 f   fldictry.obj
 0001:00007240       FLEXEC                     0000000140008240 f   flfiles.obj
 0001:00008590       FLOPEN                     0000000140009590 f   flfiles.obj
 0001:00008a20       FILEIN                     0000000140009a20 f   flfiles.obj
 0001:00009520       FPRINT                     000000014000a520 f   flfiles.obj
 0001:00009910       FINQUR                     000000014000a910 f   flfiles.obj
 0001:000099b0       FSETNM                     000000014000a9b0 f   flfiles.obj
 0001:00009c90       FILOUT                     000000014000ac90 f   flfiles.obj
 0001:0000a020       FCLOSE                     000000014000b020 f   flfiles.obj
 0001:0000a0a0       FSET0                      000000014000b0a0 f   flfiles.obj
 0001:0000a1f0       FSETUP                     000000014000b1f0 f   flfiles.obj
 0001:0000aa50       FSETFN                     000000014000ba50 f   flfiles.obj
 0001:0000ada0       FLRDLN                     000000014000bda0 f   flfiles.obj
 0001:0000c680       FLKEYW                     000000014000d680 f   flkeywrd.obj
 0001:0000de90       FKEYIN                     000000014000ee90 f   flkeywrd.obj
 0001:0000f260       FKDISP                     0000000140010260 f   flkeywrd.obj
 0001:0000f830       FKCHEK                     0000000140010830 f   flkeywrd.obj
 0001:0000ff70       FKEYWR                     0000000140010f70 f   flkeywrd.obj
 0001:00010840       FKDEBG                     0000000140011840 f   flkeywrd.obj
 0001:00010f30       FOPTN                      0000000140011f30 f   flparse.obj
 0001:00011b10       FMATCH                     0000000140012b10 f   flparse.obj
 0001:00012080       FOPSET                     0000000140013080 f   flparse.obj
 0001:00012cc0       FTOKEN                     0000000140013cc0 f   flparse.obj
 0001:00012f30       FLOOK                      0000000140013f30 f   flparse.obj
 0001:00013090       FLOOKF                     0000000140014090 f   flparse.obj
 0001:00013220       FVRNG                      0000000140014220 f   flparse.obj
 0001:000138f0       FCL2IN                     00000001400148f0 f   flparse.obj
 0001:00013bf0       FC2I                       0000000140014bf0 f   flparse.obj
 0001:00013d00       FI2C                       0000000140014d00 f   flparse.obj
 0001:00013d70       FSQUEZ                     0000000140014d70 f   flparse.obj
 0001:00013e20       FRANDU                     0000000140014e20 f   flrand.obj
 0001:00013e80       FRANDS                     0000000140014e80 f   flrand.obj
 0001:00014470       FRANDP                     0000000140015470 f   flrand.obj
 0001:000146e0       FPURFY                     00000001400156e0 f   flrand.obj
 0001:000148e0       FC2R                       00000001400158e0 f   flrand.obj
 0001:00014e00       FR2C12                     0000000140015e00 f   flrand.obj
 0001:00015460       FR2C                       0000000140016460 f   flrand.obj
 0001:00015a50       FR2CLJ                     0000000140016a50 f   flrand.obj
 0001:000166d0       FR2CRJ                     00000001400176d0 f   flrand.obj
 0001:00017430       FR2CLF                     0000000140018430 f   flrand.obj
 0001:000182c0       FCENTR                     00000001400192c0 f   flscreen.obj
 0001:000183c0       FTEXT                      00000001400193c0 f   flscreen.obj
 0001:0001a0a0       FPRMPT                     000000014001b0a0 f   flscreen.obj
 0001:0001a8a0       FGTCHR                     000000014001b8a0 f   flscreen.obj
 0001:0001af00       FPAUSE                     000000014001bf00 f   flscreen.obj
 0001:0001b200       FEJECT                     000000014001c200 f   flscreen.obj
 0001:0001b440       FCLRSC                     000000014001c440 f   flscreen.obj
 0001:0001b4d0       FCLOCK                     000000014001c4d0 f   flscreen.obj
 0001:0001b500       FLTIME                     000000014001c500 f   flscreen.obj
 0001:0001bd80       FSTRNG                     000000014001cd80 f   flstring.obj
 0001:0001cc20       FSLEN                      000000014001dc20 f   flstring.obj
 0001:0001cc50       FSGET                      000000014001dc50 f   flstring.obj
 0001:0001ce40       FSCLR                      000000014001de40 f   flstring.obj
 0001:0001cf70       FSDEF                      000000014001df70 f   flstring.obj
 0001:0001d160       FSLIST                     000000014001e160 f   flstring.obj
 0001:0001d700       FSSUBS                     000000014001e700 f   flstring.obj
 0001:0001e010       FSCASE                     000000014001f010 f   flstring.obj
 0001:0001e090       FSINIT                     000000014001f090 f   flstring.obj
 0001:0001e2b0       BAGNDA                     000000014001f2b0 f   gbagnda1.obj
 0001:00020c50       BASPIK                     0000000140021c50 f   gbagnda1.obj
 0001:00020f00       BSUPD8                     0000000140021f00 f   gbagnda1.obj
 0001:00021260       BASET                      0000000140022260 f   gbagnda1.obj
 0001:00021bc0       BASTAT                     0000000140022bc0 f   gbagnda1.obj
 0001:00021cc0       GSPIKE                     0000000140022cc0 f   gbagnda1.obj
 0001:00021fb0       BFTRI                      0000000140022fb0 f   gbagnda2.obj
 0001:00022360       BRLIST                     0000000140023360 f   gbagnda2.obj
 0001:00022d30       BMINRO                     0000000140023d30 f   gbagnda2.obj
 0001:00022f00       BBTRI                      0000000140023f00 f   gbagnda2.obj
 0001:00023150       BREAR                      0000000140024150 f   gbagnda2.obj
 0001:000236c0       BCOLST                     00000001400246c0 f   gbagnda2.obj
 0001:000237e0       BROLST                     00000001400247e0 f   gbagnda2.obj
 0001:00023920       BUKADD                     0000000140024920 f   gbagnda2.obj
 0001:000239b0       BUKDEL                     00000001400249b0 f   gbagnda2.obj
 0001:00023a40       BKERNL                     0000000140024a40 f   gbagnda2.obj
 0001:00024610       BFRONT                     0000000140025610 f   gbagnda2.obj
 0001:00024b50       BSPACE                     0000000140025b50 f   gbagnda2.obj
 0001:00024d60       BNONSP                     0000000140025d60 f   gbagnda2.obj
 0001:00025050       GBARNG                     0000000140026050 f   gbrange.obj
 0001:00025bb0       GBRNGV                     0000000140026bb0 f   gbrange.obj
 0001:00025c20       GPIVOT                     0000000140026c20 f   gbrange.obj
 0001:00027810       GPVST0                     0000000140028810 f   gbrange.obj
 0001:00027a80       GBUNDO                     0000000140028a80 f   gbrange.obj
 0001:00027eb0       GBPHST                     0000000140028eb0 f   gbrange.obj
 0001:00028330       GVERFY                     0000000140029330 f   gbrver.obj
 0001:0002aa50       GBRDIF                     000000014002ba50 f   gbrver.obj
 0001:0002aab0       GBREFR                     000000014002bab0 f   gbrver.obj
 0001:0002d6b0       GPRDIF                     000000014002e6b0 f   gbrver.obj
 0001:0002da80       GETFRE                     000000014002ea80 f   getedit.obj
 0001:0002de90       GETFIX                     000000014002ee90 f   getedit.obj
 0001:0002e2b0       GPTSOL                     000000014002f2b0 f   getedit.obj
 0001:0002e6c0       GTVNEW                     000000014002f6c0 f   getedit.obj
 0001:0002e810       GROUND                     000000014002f810 f   getedit.obj
 0001:0002ebb0       GRENAM                     000000014002fbb0 f   getedit.obj
 0001:0002ed80       GDEBUG                     000000014002fd80 f   getedit.obj
 0001:00034ae0       GPRBAS                     0000000140035ae0 f   getedit.obj
 0001:00035560       GETMAT                     0000000140036560 f   getiomat.obj
 0001:0003b870       GRDPCK                     000000014003c870 f   getiopck.obj
 0001:0003c770       GWRPCK                     000000014003d770 f   getiopck.obj
 0001:0003d260       GRDFPK                     000000014003e260 f   getiopck.obj
 0001:0003e1e0       GWRFPK                     000000014003f1e0 f   getiopck.obj
 0001:0003ec10       GRDSTA                     000000014003fc10 f   getiopck.obj
 0001:0003f440       GFRCOL                     0000000140040440 f   getiopck.obj
 0001:0003f650       GSLFRE                     0000000140040650 f   getiopck.obj
 0001:0003fb50       GRDSOL                     0000000140040b50 f   getiosol.obj
 0001:000468e0       MPSCHK                     00000001400478e0 f   getiosol.obj
 0001:00046c20       GRDMN1                     0000000140047c20 f   getiosol.obj
 0001:000474a0       GWRSUB                     00000001400484a0 f   getiosub.dan.obj
 0001:00049040       GWRDUL                     000000014004a040 f   getiosub.dan.obj
 0001:0004c300       NAME                       000000014004d300 f   getlib.obj
 0001:0004c390       GPTNAM                     000000014004d390 f   getlib.obj
 0001:0004c3e0       GETNUM                     000000014004d3e0 f   getlib.obj
 0001:0004c760       GETNAM                     000000014004d760 f   getlib.obj
 0001:0004c9f0       GETBND                     000000014004d9f0 f   getlib.obj
 0001:0004cc20       GETVAL                     000000014004dc20 f   getlib.obj
 0001:0004cc60       GETRIM                     000000014004dc60 f   getlib.obj
 0001:0004d0a0       GETYPE                     000000014004e0a0 f   getlib.obj
 0001:0004d370       GETSOL                     000000014004e370 f   getlib.obj
 0001:0004dd00       GETST                      000000014004ed00 f   getlib.obj
 0001:0004de80       GETSTP                     000000014004ee80 f   getlib.obj
 0001:0004fac0       GETFNM                     0000000140050ac0 f   getlib.obj
 0001:00050010       GETCOL                     0000000140051010 f   getlib.obj
 0001:00050110       GETROW                     0000000140051110 f   getlib.obj
 0001:000502e0       GETSGN                     00000001400512e0 f   getlib.obj
 0001:00050360       GETAIJ                     0000000140051360 f   getlib.obj
 0001:00050400       GETVID                     0000000140051400 f   getlib.obj
 0001:00050560       GETBVP                     0000000140051560 f   getlib.obj
 0001:000505a0       GETPIV                     00000001400515a0 f   getlib.obj
 0001:000506f0       GPRDCT                     00000001400516f0 f   getlib.obj
 0001:000507d0       GFTRAN                     00000001400517d0 f   getrans.obj
 0001:00050a80       GBTRAN                     0000000140051a80 f   getrans.obj
 0001:00050c80       GALPHA                     0000000140051c80 f   getrans.obj
 0001:00050e30       GBALPH                     0000000140051e30 f   getrans.obj
 0001:00050fd0       GSETST                     0000000140051fd0 f   getrans.obj
 0001:000524e0       GNEWLP                     00000001400534e0 f   getset.dan.obj
 0001:00052c00       GETBAS                     0000000140053c00 f   getset.dan.obj
 0001:00052e20       GETEDS                     0000000140053e20 f   getset.dan.obj
 0001:00052ea0       GSETNM                     0000000140053ea0 f   getset.dan.obj
 0001:00053160       GSETOP                     0000000140054160 f   getset.dan.obj
 0001:000532a0       GADDNZ                     00000001400542a0 f   getset.dan.obj
 0001:000535f0       GSETSL                     00000001400545f0 f   getset.dan.obj
 0001:00053f20       GPUTSL                     0000000140054f20 f   getset.dan.obj
 0001:00054330       BASCLR                     0000000140055330 f   getset.dan.obj
 0001:00054380       GMPCLR                     0000000140055380 f   getset.dan.obj
 0001:000545a0       GETMAP                     00000001400555a0 f   getset.dan.obj
 0001:00054720       GPUTMP                     0000000140055720 f   getset.dan.obj
 0001:00054800       GMAPNZ                     0000000140055800 f   getset.dan.obj
 0001:00054a80       GINITL                     0000000140055a80 f   getset.dan.obj
 0001:00055440       REDBIN                     0000000140056440 f   gredbin.obj
 0001:00057360       REDTXT                     0000000140058360 f   gredbin.obj
 0001:00057440       REDLGL                     0000000140058440 f   gredbin.obj
 0001:00058c70       REDMAT                     0000000140059c70 f   gredmat.obj
 0001:00059800       REDBND                     000000014005a800 f   gredmat.obj
 0001:000599a0       REDFIX                     000000014005a9a0 f   gredmat.obj
 0001:00059af0       REDINF                     000000014005aaf0 f   gredmat.obj
 0001:00059c20       REDGET                     000000014005ac20 f   gredmat.obj
 0001:0005a040       REDRPT                     000000014005b040 f   gredmat.obj
 0001:0005b1e0       GZPROD                     000000014005c1e0 f   gredmat.obj
 0001:0005b2f0       REDTRK                     000000014005c2f0 f   gredmat.obj
 0001:0005b830       REDEXP                     000000014005c830 f   gredexp.obj
 0001:00061a90       REDEX2                     0000000140062a90 f   gredexp2.obj
 0001:00061aa0       REDSET                     0000000140062aa0 f   greduce.obj
 0001:00062d20       REDUCE                     0000000140063d20 f   greduce.obj
 0001:00064780       REDEBG                     0000000140065780 f   greduce.obj
 0001:00067060       REDCOL                     0000000140068060 f   gredtest.obj
 0001:00069ad0       REDROW                     000000014006aad0 f   gredtest.obj
 0001:0006aca0       SYSIN                      000000014006bca0 f   analsys.obj
 0001:0006b7e0       SYSCMD                     000000014006c7e0 f   analsys.obj
 0001:0006c0a0       SYSDBG                     000000014006d0a0 f   analsys.obj
 0001:0006ddb0       ABASIS                     000000014006edb0 f   abasis.obj
 0001:00072330       ABARNG                     0000000140073330 f   abasis.obj
 0001:00073080       ADDRIM                     0000000140074080 f   aquery1.obj
 0001:00073790       ADSPLY                     0000000140074790 f   aquery1.obj
 0001:00074970       ATALLY                     0000000140075970 f   aquery1.obj
 0001:00075a30       ACOUNT                     0000000140076a30 f   aquery2.obj
 0001:00076030       AQLIST                     0000000140077030 f   aquery2.obj
 0001:000773d0       AQLTRW                     00000001400783d0 f   aquery2.obj
 0001:00077c40       AQEQN                      0000000140078c40 f   aquery2.obj
 0001:00078b10       AQLTAB                     0000000140079b10 f   aquery2.obj
 0001:00079310       ALSTRC                     000000014007a310 f   aquery2.obj
 0001:00079800       APICTR                     000000014007a800 f   aquery2.obj
 0001:0007a6b0       ARATE                      000000014007b6b0 f   arate1.obj
 0001:0007e610       ARATDS                     000000014007f610 f   arate2.obj
 0001:0007fa80       ARTABL                     0000000140080a80 f   arate2.obj
 0001:00081cd0       AFTRAN                     0000000140082cd0 f   arate2.obj
 0001:00081d60       ANFREE                     0000000140082d60 f   aedit.obj
 0001:00082320       ANFIX                      0000000140083320 f   aedit.obj
 0001:00082790       AROUND                     0000000140083790 f   aedit.obj
 0001:00082bb0       AVERFY                     0000000140083bb0 f   aedit.obj
 0001:00083680       AKEYS0                     0000000140084680 f   aedit.obj
 0001:00083ec0       ABRVER                     0000000140084ec0 f   aedit.obj
 0001:00086570       AKEYIN                     0000000140087570 f   aedit.obj
 0001:000866b0       AREAD                      00000001400876b0 f   areadin.obj
 0001:000881a0       ARDIIS                     00000001400891a0 f   areadin.obj
 0001:00089410       ANEWLP                     000000014008a410 f   areadin.obj
 0001:000895a0       ARDSYN                     000000014008a5a0 f   areadin.obj
 0001:00089920       ARDPCK                     000000014008a920 f   areadin.obj
 0001:0008a010       ARDMAT                     000000014008b010 f   areadin.obj
 0001:0008abc0       ASUMRY                     000000014008bbc0 f   areadin.obj
 0001:0008d0d0       AWRITE                     000000014008e0d0 f   areadin.obj
 0001:0008d5d0       ARDSOL                     000000014008e5d0 f   areadin.obj
 0001:0008df20       ASCHMA                     000000014008ef20 f   aschema.obj
 0001:0008ec90       ASCHDO                     000000014008fc90 f   aschema.obj
 0001:000910b0       ASTRIP                     00000001400920b0 f   aschema.obj
 0001:000912a0       EXDOMN                     00000001400922a0 f   aschema.obj
 0001:00091a30       EXDSPD                     0000000140092a30 f   aschema.obj
 0001:00091d60       EXGENR                     0000000140092d60 f   aschema.obj
 0001:00094530       EXAMEM                     0000000140095530 f   aschema.obj
 0001:00094720       EXPARS                     0000000140095720 f   aschema.obj
 0001:00094b60       AREDUC                     0000000140095b60 f   asensitv.obj
 0001:000965b0       ATRADD                     00000001400975b0 f   asensitv.obj
 0001:00096960       ARENAM                     0000000140097960 f   asensitv.obj
 0001:00096cb0       AGGRG8                     0000000140097cb0 f   asensitv.obj
 0001:00097890       ATRACE                     0000000140098890 f   asensitv.obj
 0001:00098dc0       AQSHOW                     0000000140099dc0 f   ashow.obj
 0001:0009b5b0       AQSHTJ                     000000014009c5b0 f   ashow.obj
 0001:0009d990       AQSHTC                     000000014009e990 f   ashow.obj
 0001:0009dca0       AQSHRC                     000000014009eca0 f   ashow.obj
 0001:0009de30       ASBMAT                     000000014009ee30 f   asubmat.obj
 0001:0009e040       ASETKY                     000000014009f040 f   asubmat.obj
 0001:0009e090       ASBSET                     000000014009f090 f   asubmat.obj
 0001:000a08f0       ANXTRC                     00000001400a18f0 f   asubmat.obj
 0001:000a0d20       ASETSB                     00000001400a1d20 f   asubmat.obj
 0001:000a12e0       ACONDN                     00000001400a22e0 f   asubmat.obj
 0001:000a2190       AGETRC                     00000001400a3190 f   asubmat.obj
 0001:000a22a0       ARIMKY                     00000001400a32a0 f   asubmat.obj
 0001:000a24c0       ASBNEW                     00000001400a34c0 f   asubmat.obj
 0001:000a25e0       ASBDBG                     00000001400a35e0 f   asubmat.obj
 0001:000a2ee0       BLOCK                      00000001400a3ee0 f   blkfind.obj
 0001:000a40c0       BLKSYN                     00000001400a50c0 f   blkfind.obj
 0001:000a4b10       BLKNET                     00000001400a5b10 f   blkfind.obj
 0001:000a5670       BLDISP                     00000001400a6670 f   blkio.obj
 0001:000a5ca0       BLKPIC                     00000001400a6ca0 f   blkio.obj
 0001:000a6750       BLKGPH                     00000001400a7750 f   blkio.obj
 0001:000a67b0       BLKIO                      00000001400a77b0 f   blkio.obj
 0001:000a7940       ABLOCK                     00000001400a8940 f   blkmgt.obj
 0001:000a9c30       BERASE                     00000001400aac30 f   blkmgt.obj
 0001:000aa610       BLOC8                      00000001400ab610 f   blkmgt.obj
 0001:000aa900       BLCOPY                     00000001400ab900 f   blkmgt.obj
 0001:000ab4c0       BLMERG                     00000001400ac4c0 f   blkmgt.obj
 0001:000ab740       BLKREN                     00000001400ac740 f   blkmgt.obj
 0001:000abb40       BMSKIN                     00000001400acb40 f   blkmgt.obj
 0001:000abbf0       BLKNEW                     00000001400acbf0 f   blkmgt.obj
 0001:000ac100       BLKCLR                     00000001400ad100 f   blkmgt.obj
 0001:000ac5a0       BLKADD                     00000001400ad5a0 f   blkmgt.obj
 0001:000ac890       BDEBUG                     00000001400ad890 f   blkmgt.obj
 0001:000ad2a0       BLINIT                     00000001400ae2a0 f   blkmgt.obj
 0001:000ad3b0       BLKPLT                     00000001400ae3b0 f   blkplot.obj
 0001:000ad770       STEPLT                     00000001400ae770 f   blkplot.obj
 0001:000af040       EXPLAN                     00000001400b0040 f   explain.obj
 0001:000b04e0       EXTRC                      00000001400b14e0 f   explain.obj
 0001:000b15d0       EXREAD                     00000001400b25d0 f   explain.obj
 0001:000b2aa0       ESYNMP                     00000001400b3aa0 f   explain.obj
 0001:000b3890       ERCMAP                     00000001400b4890 f   explain.obj
 0001:000b4620       EXSYN                      00000001400b5620 f   explain.obj
 0001:000b6bb0       EXENTY                     00000001400b7bb0 f   explain.obj
 0001:000b7270       EXLOC8                     00000001400b8270 f   explain.obj
 0001:000b75e0       EXFIND                     00000001400b85e0 f   explain.obj
 0001:000b7d60       EDEBUG                     00000001400b8d60 f   explain.obj
 0001:000b83f0       EXINIT                     00000001400b93f0 f   explain.obj
 0001:000b8450       RUTRAN                     00000001400b9450 f   rbgenerl.obj
 0001:000bb190       RUGETN                     00000001400bc190 f   rbgenerl.obj
 0001:000bb6c0       RUGETC                     00000001400bc6c0 f   rbgenerl.obj
 0001:000bbc40       RUGETS                     00000001400bcc40 f   rbgenerl.obj
 0001:000bbec0       RUGETV                     00000001400bcec0 f   rbgenerl.obj
 0001:000bc400       RUGETI                     00000001400bd400 f   rbgenerl.obj
 0001:000bca50       RUGETP                     00000001400bda50 f   rbgenerl.obj
 0001:000bcc10       RUPUTP                     00000001400bdc10 f   rbgenerl.obj
 0001:000bd300       RULATX                     00000001400be300 f   rbgenerl.obj
 0001:000bdd30       RUINIT                     00000001400bed30 f   rbgenerl.obj
 0001:000bed40       RULEIN                     00000001400bfd40 f   rbcmnd1.obj
 0001:000bf4c0       RINTRP                     00000001400c04c0 f   rbcmnd1.obj
 0001:000c1b00       RULVEC                     00000001400c2b00 f   rbcmnd1.obj
 0001:000c3460       RULENT                     00000001400c4460 f   rbcmnd1.obj
 0001:000c3cc0       RULDBG                     00000001400c4cc0 f   rbcmnd1.obj
 0001:000c5c70       RULEIF                     00000001400c6c70 f   rbcmnd2.obj
 0001:000c63f0       RUSKIP                     00000001400c73f0 f   rbcmnd2.obj
 0001:000c65f0       RUGOTO                     00000001400c75f0 f   rbcmnd2.obj
 0001:000c69a0       RULNXT                     00000001400c79a0 f   rbcmnd2.obj
 0001:000c6c70       RUCALC                     00000001400c7c70 f   rbcmnd2.obj
 0001:000c7430       RULOOK                     00000001400c8430 f   rbcmnd2.obj
 0001:000c7f80       RUFIND                     00000001400c8f80 f   rbcmnd2.obj
 0001:000c8650       RUFORM                     00000001400c9650 f   rbcmnd2.obj
 0001:000c9400       RULASK                     00000001400ca400 f   rbcmnd2.obj
 0001:000c9cc0       RSTACK                     00000001400cacc0 f   rbstacks.obj
 0001:000c9ed0       RSPOP                      00000001400caed0 f   rbstacks.obj
 0001:000ca320       RSPUSH                     00000001400cb320 f   rbstacks.obj
 0001:000ca650       RSQUEU                     00000001400cb650 f   rbstacks.obj
 0001:000ca9b0       FLCMN0                     00000001400cb9b0 f   rbstacks.obj
 0001:000cd660       SYSCM0                     00000001400ce660 f   rbstacks.obj
 0001:000cdf80       AGRAPH                     00000001400cef80 f   graphdo.obj
 0001:000cf430       GPHCOL                     00000001400d0430 f   graphdo.obj
 0001:000cf930       GPHROW                     00000001400d0930 f   graphdo.obj
 0001:000cfe60       GRAPH0                     00000001400d0e60 f   graphdo.obj
 0001:000cfea0       GPHNEW                     00000001400d0ea0 f   graphdo.obj
 0001:000d0510       GPHDBG                     00000001400d1510 f   graphdo.obj
 0001:000d10b0       GRSUMR                     00000001400d20b0 f   graphio.obj
 0001:000d1880       GPHDSP                     00000001400d2880 f   graphio.obj
 0001:000d1f70       GRDISP                     00000001400d2f70 f   graphio.obj
 0001:000d2eb0       GRDSP1                     00000001400d3eb0 f   graphio.obj
 0001:000d3680       GRPHIO                     00000001400d4680 f   graphio.obj
 0001:000d4890       GPHSYN                     00000001400d5890 f   graphsyn.obj
 0001:000d6320       GPHSYR                     00000001400d7320 f   graphsyn.obj
 0001:000d68f0       GPHTRN                     00000001400d78f0 f   graphsyn.obj
 0001:000d71c0       SCHCLR                     00000001400d81c0 f   schema.obj
 0001:000d7400       SCHPUT                     00000001400d8400 f   schema.obj
 0001:000d7870       SCHSUM                     00000001400d8870 f   schema.obj
 0001:000d7b10       SCHDSP                     00000001400d8b10 f   schema.obj
 0001:000d8850       SCHREL                     00000001400d9850 f   schema.obj
 0001:000d8b50       SCHWRP                     00000001400d9b50 f   schema.obj
 0001:000d90a0       SCHRDP                     00000001400da0a0 f   schema.obj
 0001:000d9620       SCHFIL                     00000001400da620 f   schema.obj
 0001:000d9a40       SCHDEL                     00000001400daa40 f   schema.obj
 0001:000d9f80       SCHDBG                     00000001400daf80 f   schema.obj
 0001:000da6a0       SCHEQN                     00000001400db6a0 f   scheqn.obj
 0001:000dbb60       SCHTRM                     00000001400dcb60 f   scheqn.obj
 0001:000dbf10       SCRCLR                     00000001400dcf10 f   screen.obj
 0001:000dc120       SCRBOX                     00000001400dd120 f   screen.obj
 0001:000dc730       SCRLIN                     00000001400dd730 f   screen.obj
 0001:000dd130       SCRPTH                     00000001400de130 f   screen.obj
 0001:000de4c0       SCRARC                     00000001400df4c0 f   screen.obj
 0001:000dece0       SCRARR                     00000001400dfce0 f   screen.obj
 0001:000df000       SCRTXT                     00000001400e0000 f   screen.obj
 0001:000df260       SCRFIL                     00000001400e0260 f   screen.obj
 0001:000df340       SCRDEL                     00000001400e0340 f   screen.obj
 0001:000df3e0       SCRLEN                     00000001400e03e0 f   screen.obj
 0001:000df500       SCRPRT                     00000001400e0500 f   screen.obj
 0001:000df6b0       SCRBAR                     00000001400e06b0 f   scrplots.obj
 0001:000e01a0       SCRAXS                     00000001400e11a0 f   scrplots.obj
 0001:000e0480       SCRSTP                     00000001400e1480 f   scrplots.obj
 0001:000e17e0       TABLE                      00000001400e27e0 f   table.obj
 0001:000e71c0       TBLDOM                     00000001400e81c0 f   table.obj
 0001:000e7430       for_set_reentrancy         00000001400e8430 f   libifcoremt:for_reentrancy.obj
 0001:000e7450       for__reentrancy_cleanup    00000001400e8450 f   libifcoremt:for_reentrancy.obj
 0001:000e7670       for__destroy_threadstor    00000001400e8670 f   libifcoremt:for_reentrancy.obj
 0001:000e76b0       for__destroy_threadstor_index 00000001400e86b0 f   libifcoremt:for_reentrancy.obj
 0001:000e76d0       for__access_threadstor_threads 00000001400e86d0 f   libifcoremt:for_reentrancy.obj
 0001:000e7920       for__acquire_threadstor_threads 00000001400e8920 f   libifcoremt:for_reentrancy.obj
 0001:000e7bb0       for__disable_asynch_deliv_private 00000001400e8bb0 f   libifcoremt:for_reentrancy.obj
 0001:000e7bf0       for__enable_asynch_deliv_private 00000001400e8bf0 f   libifcoremt:for_reentrancy.obj
 0001:000e7c20       for__acquire_semaphore_threaded 00000001400e8c20 f   libifcoremt:for_reentrancy.obj
 0001:000e7ce0       for__reentrancy_init       00000001400e8ce0 f   libifcoremt:for_reentrancy.obj
 0001:000e7ec0       for_cpystr                 00000001400e8ec0 f   libifcoremt:for_f90str.obj
 0001:000e7f50       for_cpstr                  00000001400e8f50 f   libifcoremt:for_f90str.obj
 0001:000e80d0       for_concat                 00000001400e90d0 f   libifcoremt:for_f90str.obj
 0001:000e82f0       for_write_seq_fmt          00000001400e92f0 f   libifcoremt:for_wseq_fmt.obj
 0001:000ea3e0       for_write_seq_fmt_xmit     00000001400eb3e0 f   libifcoremt:for_wseq_fmt.obj
 0001:000ec890       for_write_seq_lis          00000001400ed890 f   libifcoremt:for_wseq_lis.obj
 0001:000ee5c0       for_write_seq_lis_xmit     00000001400ef5c0 f   libifcoremt:for_wseq_lis.obj
 0001:000f2900       for_close                  00000001400f3900 f   libifcoremt:for_close.obj
 0001:000f3030       for__close_default         00000001400f4030 f   libifcoremt:for_close.obj
 0001:000f3180       for_stop_core              00000001400f4180 f   libifcoremt:for_stop.obj
 0001:000f3d10       for_read_seq_fmt           00000001400f4d10 f   libifcoremt:for_rseq_fmt.obj
 0001:000f5dc0       for_read_seq_fmt_xmit      00000001400f6dc0 f   libifcoremt:for_rseq_fmt.obj
 0001:000f7be0       for_inquire                00000001400f8be0 f   libifcoremt:for_inquire.obj
 0001:000fdef0       for_open                   00000001400feef0 f   libifcoremt:for_open.obj
 0001:000ff5c0       for__update_reopen_keywords 00000001401005c0 f   libifcoremt:for_open.obj
 0001:00100af0       for__set_foreign_bits      0000000140101af0 f   libifcoremt:for_open.obj
 0001:00101ab0       for__open_key              0000000140102ab0 f   libifcoremt:for_open.obj
 0001:00101d30       for__find_iomsg            0000000140102d30 f   libifcoremt:for_open.obj
 0001:00101de0       for__set_terminator_option 0000000140102de0 f   libifcoremt:for_open.obj
 0001:00102220       for__is_special_device     0000000140103220 f   libifcoremt:for_open.obj
 0001:001023e0       for__open_default          00000001401033e0 f   libifcoremt:for_open.obj
 0001:001027b0       for_rewind                 00000001401037b0 f   libifcoremt:for_rewind.obj
 0001:00103960       for_secnds                 0000000140104960 f   libifcoremt:for_secnds.obj
 0001:00103a00       for_backspace              0000000140104a00 f   libifcoremt:for_backspace.obj
 0001:00107bc0       for_write_seq              0000000140108bc0 f   libifcoremt:for_wseq.obj
 0001:00109530       for_write_seq_xmit         000000014010a530 f   libifcoremt:for_wseq.obj
 0001:0010ecf0       for__finish_ufseq_write    000000014010fcf0 f   libifcoremt:for_wseq.obj
 0001:0010f130       for_read_seq               0000000140110130 f   libifcoremt:for_rseq.obj
 0001:00110d70       for_read_seq_xmit          0000000140111d70 f   libifcoremt:for_rseq.obj
 0001:00112da0       for_read_int_fmt           0000000140113da0 f   libifcoremt:for_rint_fmt.obj
 0001:001143f0       for_read_int_fmt_xmit      00000001401153f0 f   libifcoremt:for_rint_fmt.obj
 0001:00115dd0       for__create_lub            0000000140116dd0 f   libifcoremt:for_lub_mgt.obj
 0001:00115f70       for__release_lun           0000000140116f70 f   libifcoremt:for_lub_mgt.obj
 0001:001165f0       for__deallocate_lub        00000001401175f0 f   libifcoremt:for_lub_mgt.obj
 0001:00116640       for__acquire_lun           0000000140117640 f   libifcoremt:for_lub_mgt.obj
 0001:00118210       for__get_next_lub          0000000140119210 f   libifcoremt:for_lub_mgt.obj
 0001:00118d90       for__preconnected_units_create 0000000140119d90 f   libifcoremt:for_lub_mgt.obj
 0001:00118fd0       for__default_io_sizes_env_init 0000000140119fd0 f   libifcoremt:for_lub_mgt.obj
 0001:00119230       for__add_to_lf_table       000000014011a230 f   libifcoremt:for_need_lf.obj
 0001:001196f0       for__rm_from_lf_table      000000014011a6f0 f   libifcoremt:for_need_lf.obj
 0001:00119910       for_exit                   000000014011a910 f   libifcoremt:for_exit.obj
 0001:00119950       for__get_vm                000000014011a950 f   libifcoremt:for_vm.obj
 0001:00119990       for__realloc_vm            000000014011a990 f   libifcoremt:for_vm.obj
 0001:00119a10       for__free_vm               000000014011aa10 f   libifcoremt:for_vm.obj
 0001:00119a20       for__io_return             000000014011aa20 f   libifcoremt:for_diags_intel.obj
 0001:0011ae68       for__issue_diagnostic      000000014011be68 f   libifcoremt:for_diags_intel.obj
 0001:0011b6a4       for__get_msg               000000014011c6a4 f   libifcoremt:for_diags_intel.obj
 0001:0011b748       for__message_catalog_close 000000014011c748 f   libifcoremt:for_diags_intel.obj
 0001:0011c500       for__aio_destroy           000000014011d500 f   libifcoremt:for_aio.obj
 0001:0011c550       for__aio_acquire_lun_fname 000000014011d550 f   libifcoremt:for_aio.obj
 0001:0011c710       for__aio_release_lun       000000014011d710 f   libifcoremt:for_aio.obj
 0001:0011cb90       for__aio_release           000000014011db90 f   libifcoremt:for_aio.obj
 0001:0011cf30       for__aio_acquire_lun       000000014011df30 f   libifcoremt:for_aio.obj
 0001:0011d650       for__aio_error_handling    000000014011e650 f   libifcoremt:for_aio.obj
 0001:0011ddd0       for__aio_init              000000014011edd0 f   libifcoremt:for_aio.obj
 0001:0011de40       for__format_compiler       000000014011ee40 f   libifcoremt:for_fmt_comp.obj
 0001:00120f70       for__put_su                0000000140121f70 f   libifcoremt:for_put.obj
 0001:00121550       for__write_output          0000000140122550 f   libifcoremt:for_put.obj
 0001:00121ab0       for__put_sf                0000000140122ab0 f   libifcoremt:for_put.obj
 0001:00123030       for__flush_readahead       0000000140124030 f   libifcoremt:for_put.obj
 0001:00123140       for__desc_ret_item         0000000140124140 f   libifcoremt:for_desc_item.obj
 0001:00123440       for__key_desc_ret_item     0000000140124440 f   libifcoremt:for_desc_item.obj
 0001:00123750       for__desc_test_item        0000000140124750 f   libifcoremt:for_desc_item.obj
 0001:00123990       for__desc_zero_length_item 0000000140124990 f   libifcoremt:for_desc_item.obj
 0001:00123d00       for__interp_fmt            0000000140124d00 f   libifcoremt:for_intrp_fmt.obj
 0001:00124a80       for__adjust_buffer         0000000140125a80 f   libifcoremt:for_io_util.obj
 0001:00124cc0       for__lower_bound_index     0000000140125cc0 f   libifcoremt:for_io_util.obj
 0001:00124d00       for__cvt_foreign_read      0000000140125d00 f   libifcoremt:for_io_util.obj
 0001:00124ee0       for__cvt_foreign_write     0000000140125ee0 f   libifcoremt:for_io_util.obj
 0001:00125140       for__cvt_foreign_check     0000000140126140 f   libifcoremt:for_io_util.obj
 0001:001251d0       for_check_env_name         00000001401261d0 f   libifcoremt:for_io_util.obj
 0001:00125280       for__format_value          0000000140126280 f   libifcoremt:for_fmt_val.obj
 0001:00125f40       for__cvt_value             0000000140126f40 f   libifcoremt:for_fmt_val.obj
 0001:00126b20       for__close_proc            0000000140127b20 f   libifcoremt:for_close_proc.obj
 0001:00127480       for__exit_handler          0000000140128480 f   libifcoremt:for_exit_handler.obj
 0001:001276d0       for__get_s                 00000001401286d0 f   libifcoremt:for_get.obj
 0001:00128b00       for__read_input            0000000140129b00 f   libifcoremt:for_get.obj
 0001:00128d30       for__common_inquire        0000000140129d30 f   libifcoremt:for_common_inquire.obj
 0001:0012a320       for__inquire_args          000000014012b320 f   libifcoremt:for_common_inquire.obj
 0001:0012abd0       for__compute_filename      000000014012bbd0 f   libifcoremt:for_nt_open_proc.obj
 0001:0012c530       for__open_proc             000000014012d530 f   libifcoremt:for_nt_open_proc.obj
 0001:001306d0       for__reopen_file           00000001401316d0 f   libifcoremt:for_nt_open_proc.obj
 0001:001316b0       free_for__l_excpt_info     00000001401326b0 f   libifcoremt:for_init.obj
 0001:001316e0       for_rtl_finish_            00000001401326e0 f   libifcoremt:for_init.obj
 0001:00131820       for__nt_signal_handler     0000000140132820 f   libifcoremt:for_init.obj
 0001:00132630       for_rtl_init_wrap_         0000000140133630 f   libifcoremt:for_init.obj
 0001:001329c0       for_rtl_init_              00000001401339c0 f   libifcoremt:for_init.obj
 0001:00132d50       cvt_text_to_integer        0000000140133d50 f   libifcoremt:cvt_text_to_int.obj
 0001:00132f00       cvt_text_to_unsigned64     0000000140133f00 f   libifcoremt:cvt_text_to_int.obj
 0001:001331e0       cvt_text_to_unsigned       00000001401341e0 f   libifcoremt:cvt_text_to_int.obj
 0001:00133230       cvt_text_to_integer64      0000000140134230 f   libifcoremt:cvt_text_to_int.obj
 0001:001333a0       tbk_stack_trace            00000001401343a0 f   libifcoremt:tbk_traceback.obj
 0001:00133be0       cvt_ieee_single_to_ibm_short 0000000140134be0 f   libifcoremt:cvt_ieee_single.obj
 0001:00133fc0       cvt_ieee_single_to_vax_f   0000000140134fc0 f   libifcoremt:cvt_ieee_single.obj
 0001:001342f0       cvt_ieee_double_to_cray    00000001401352f0 f   libifcoremt:cvt_ieee_double.obj
 0001:001347b0       cvt_ieee_double_to_ibm_long 00000001401357b0 f   libifcoremt:cvt_ieee_double.obj
 0001:00134d00       cvt_ieee_double_to_vax_d   0000000140135d00 f   libifcoremt:cvt_ieee_double.obj
 0001:00135170       cvt_ieee_double_to_vax_g   0000000140136170 f   libifcoremt:cvt_ieee_double.obj
 0001:001355e0       cvt_vax_f_to_ieee_single   00000001401365e0 f   libifcoremt:cvt_vax_f.obj
 0001:00135a60       cvt_ibm_short_to_ieee_single 0000000140136a60 f   libifcoremt:cvt_ibm_short.obj
 0001:00135f70       cvt_vax_g_to_ieee_double   0000000140136f70 f   libifcoremt:cvt_vax_g.obj
 0001:00136470       cvt_vax_d_to_ieee_double   0000000140137470 f   libifcoremt:cvt_vax_d.obj
 0001:00136970       cvt_ibm_long_to_ieee_double 0000000140137970 f   libifcoremt:cvt_ibm_long.obj
 0001:00136f80       cvt_cray_to_ieee_double    0000000140137f80 f   libifcoremt:cvt_cray.obj
 0001:00137500       cvt_data_to_text           0000000140138500 f   libifcoremt:cvt_data_to_text.obj
 0001:001379a0       cvt_data64_to_text         00000001401389a0 f   libifcoremt:cvt_data_to_text.obj
 0001:00137e40       cvt_integer_to_text        0000000140138e40 f   libifcoremt:cvt_int_to_text.obj
 0001:00138110       cvt_unsigned_to_text       0000000140139110 f   libifcoremt:cvt_int_to_text.obj
 0001:001383d0       cvt_integer64_to_text      00000001401393d0 f   libifcoremt:cvt_int_to_text.obj
 0001:001386c0       cvt_unsigned64_to_text     00000001401396c0 f   libifcoremt:cvt_int_to_text.obj
 0001:00138990       cvt_boolean_to_text_ex     0000000140139990 f   libifcoremt:cvt_log_to_text.obj
 0001:00138d40       cvt_boolean64_to_text      0000000140139d40 f   libifcoremt:cvt_log_to_text.obj
 0001:001390c0       cvt_ieee_x_to_text_ex      000000014013a0c0 f   libifcoremt:cvt_cvtas_x.obj
 0001:0013a4d0       cvt_text_to_ieee_x_ex      000000014013b4d0 f   libifcoremt:cvt_cvtas_x.obj
 0001:0013a5a0       cvt_ieee_t_to_text_ex      000000014013b5a0 f   libifcoremt:cvt_cvtas_t.obj
 0001:0013b980       cvt_text_to_ieee_t_ex      000000014013c980 f   libifcoremt:cvt_cvtas_t.obj
 0001:0013ba40       cvt_ieee_s_to_text_ex      000000014013ca40 f   libifcoremt:cvt_cvtas_s.obj
 0001:0013cdd0       cvt_text_to_ieee_s_ex      000000014013ddd0 f   libifcoremt:cvt_cvtas_s.obj
 0001:0013ce90       cvt_text_to_data           000000014013de90 f   libifcoremt:cvt_text_to_data.obj
 0001:0013d1e0       cvt_text_to_boolean        000000014013e1e0 f   libifcoremt:cvt_text_to_log.obj
 0001:0013d2f0       cvt_text_to_boolean64      000000014013e2f0 f   libifcoremt:cvt_text_to_log.obj
 0001:0013d400       GETHANDLEQQ                000000014013e400 f   libifcoremt:for_m_qwin.obj
 0001:0013d770       GETUNITQQ                  000000014013e770 f   libifcoremt:for_m_qwin.obj
 0001:0013d830       cvtas_x_to_a               000000014013e830 f   libifcoremt:cvtas_x_to_a.obj
 0001:00141dc0       cvtas_a_to_x               0000000140142dc0 f   libifcoremt:cvtas_a_to_x.obj
 0001:00145c80       cvtas_t_to_a               0000000140146c80 f   libifcoremt:cvtas_t_to_a.obj
 0001:00149fa0       cvtas_a_to_t               000000014014afa0 f   libifcoremt:cvtas_a_to_t.obj
 0001:0014bef0       cvtas_s_to_a               000000014014cef0 f   libifcoremt:cvtas_s_to_a.obj
 0001:001501b0       cvtas_a_to_s               00000001401511b0 f   libifcoremt:cvtas_a_to_s.obj
 0001:00151400       cvtas_string_to_nan_x      0000000140152400 f   libifcoremt:cvtas_nan_x.obj
 0001:001514d0       cvtas_string_to_nan_t      00000001401524d0 f   libifcoremt:cvtas_nan_t.obj
 0001:00151580       cvtas_string_to_nan_s      0000000140152580 f   libifcoremt:cvtas_nan_s.obj
 0001:00151630       logf                       0000000140152630 f   libmmt:logf_stub.obj
 0001:00151660       __powr4i4                  0000000140152660 f   libmmt:f__powr4i4.obj
 0001:001516b0       log10f                     00000001401526b0 f   libmmt:log10f_stub.obj
 0001:001516e0       __powi4i4                  00000001401526e0 f   libmmt:f__powi4i4.obj
 0001:00151760       logf.L                     0000000140152760 f   libmmt:logf_ct.obj
 0001:00151930       logf.A                     0000000140152930 f   libmmt:logf_gen.obj
 0001:00151b60       log10f.L                   0000000140152b60 f   libmmt:log10f_ct.obj
 0001:00151d50       log10f.A                   0000000140152d50 f   libmmt:log10f_gen.obj
 0001:00152110       __libm_error_support       0000000140153110 f   libmmt:libm_error.obj
 0001:00158990       matherrl                   0000000140159990 f   libmmt:matherrl.obj
 0001:001589a0       matherr                    00000001401599a0 f   libmmt:matherr.obj
 0001:001589b0       matherrf                   00000001401599b0 f   libmmt:matherrf.obj
 0001:001589d0       memcpy                     00000001401599d0 f   LIBCMT:memcpy.obj
 0001:001589d0       memmove                    00000001401599d0     LIBCMT:memcpy.obj
 0001:00158d04       _cfltcvt_init              0000000140159d04 f   LIBCMT:_fpinit_.obj
 0001:00158d8c       _fpmath                    0000000140159d8c f   LIBCMT:_fpinit_.obj
 0001:00158da0       _initp_misc_winsig         0000000140159da0 f   LIBCMT:winsig.obj
 0001:00158e58       __get_sigabrt              0000000140159e58 f   LIBCMT:winsig.obj
 0001:00158e64       signal                     0000000140159e64 f   LIBCMT:winsig.obj
 0001:00159130       raise                      000000014015a130 f   LIBCMT:winsig.obj
 0001:001593a4       __onexitinit               000000014015a3a4 f   LIBCMT:onexit.obj
 0001:001593e8       _onexit                    000000014015a3e8 f   LIBCMT:onexit.obj
 0001:001594f0       atexit                     000000014015a4f0 f   LIBCMT:onexit.obj
 0001:00159508       ??0_LocaleUpdate@@QEAA@PEAUlocaleinfo_struct@@@Z 000000014015a508 f i LIBCMT:toupper.obj
 0001:001595b4       _toupper_l                 000000014015a5b4 f   LIBCMT:toupper.obj
 0001:00159728       toupper                    000000014015a728 f   LIBCMT:toupper.obj
 0001:00159760       strncpy                    000000014015a760 f   LIBCMT:strncpy.obj
 0001:001598c4       _amsg_exit                 000000014015a8c4 f   LIBCMT:crt0dat.obj
 0001:001598f4       __crtCorExitProcess        000000014015a8f4 f   LIBCMT:crt0dat.obj
 0001:00159930       __crtExitProcess           000000014015a930 f   LIBCMT:crt0dat.obj
 0001:00159948       _lockexit                  000000014015a948 f   LIBCMT:crt0dat.obj
 0001:00159954       _unlockexit                000000014015a954 f   LIBCMT:crt0dat.obj
 0001:00159994       _initterm_e                000000014015a994 f   LIBCMT:crt0dat.obj
 0001:001599d0       _cinit                     000000014015a9d0 f   LIBCMT:crt0dat.obj
 0001:00159c0c       exit                       000000014015ac0c f   LIBCMT:crt0dat.obj
 0001:00159c18       _exit                      000000014015ac18 f   LIBCMT:crt0dat.obj
 0001:00159c24       _cexit                     000000014015ac24 f   LIBCMT:crt0dat.obj
 0001:00159c34       _c_exit                    000000014015ac34 f   LIBCMT:crt0dat.obj
 0001:00159c44       _init_pointers             000000014015ac44 f   LIBCMT:crt0dat.obj
 0001:00159cac       __ascii_stricmp            000000014015acac f   LIBCMT:stricmp.obj
 0001:00159ce8       _stricmp_l                 000000014015ace8 f   LIBCMT:stricmp.obj
 0001:00159dcc       _stricmp                   000000014015adcc f   LIBCMT:stricmp.obj
 0001:00159e20       _getenv_helper_nolock      000000014015ae20 f   LIBCMT:getenv.obj
 0001:00159ec4       getenv                     000000014015aec4 f   LIBCMT:getenv.obj
 0001:00159f64       strchr                     000000014015af64 f   LIBCMT:strchr.obj
 0001:00159f80       strstr                     000000014015af80 f   LIBCMT:strstr.obj
 0001:00159ff0       strncmp                    000000014015aff0 f   LIBCMT:strncmp.obj
 0001:0015a0a8       sprintf                    000000014015b0a8 f   LIBCMT:sprintf.obj
 0001:0015a144       __inittime                 000000014015b144 f   LIBCMT:clock.obj
 0001:0015a174       malloc                     000000014015b174 f   LIBCMT:malloc.obj
 0001:0015a22c       realloc                    000000014015b22c f   LIBCMT:realloc.obj
 0001:0015a300       free                       000000014015b300 f   LIBCMT:free.obj
 0001:0015a340       __iob_func                 000000014015b340 f   LIBCMT:_file.obj
 0001:0015a348       __initstdio                000000014015b348 f   LIBCMT:_file.obj
 0001:0015a42c       __endstdio                 000000014015b42c f   LIBCMT:_file.obj
 0001:0015a454       _lock_file                 000000014015b454 f   LIBCMT:_file.obj
 0001:0015a4b4       _lock_file2                000000014015b4b4 f   LIBCMT:_file.obj
 0001:0015a4e4       _unlock_file               000000014015b4e4 f   LIBCMT:_file.obj
 0001:0015a53c       _unlock_file2              000000014015b53c f   LIBCMT:_file.obj
 0001:0015a564       _vsprintf_l                000000014015b564 f   LIBCMT:vsprintf.obj
 0001:0015a5e4       vsprintf                   000000014015b5e4 f   LIBCMT:vsprintf.obj
 0001:0015a5f0       fprintf                    000000014015b5f0 f   LIBCMT:fprintf.obj
 0001:0015a768       abort                      000000014015b768 f   LIBCMT:abort.obj
 0001:0015a80c       _fsopen                    000000014015b80c f   LIBCMT:fopen.obj
 0001:0015a944       fopen                      000000014015b944 f   LIBCMT:fopen.obj
 0001:0015a950       _fclose_nolock             000000014015b950 f   LIBCMT:fclose.obj
 0001:0015a9dc       fclose                     000000014015b9dc f   LIBCMT:fclose.obj
 0001:0015aa54       _freopen_helper            000000014015ba54 f   LIBCMT:freopen.obj
 0001:0015abd4       freopen                    000000014015bbd4 f   LIBCMT:freopen.obj
 0001:0015ac04       _write_nolock              000000014015bc04 f   LIBCMT:write.obj
 0001:0015b364       _write                     000000014015c364 f   LIBCMT:write.obj
 0001:0015b498       _tolower_l                 000000014015c498 f   LIBCMT:tolower.obj
 0001:0015b608       tolower                    000000014015c608 f   LIBCMT:tolower.obj
 0001:0015b630       isdigit                    000000014015c630 f i LIBCMT:_ctype.obj
 0001:0015b6b0       isxdigit                   000000014015c6b0 f i LIBCMT:_ctype.obj
 0001:0015b734       isspace                    000000014015c734 f i LIBCMT:_ctype.obj
 0001:0015b858       sscanf                     000000014015c858 f   LIBCMT:sscanf.obj
 0001:0015b890       strtok                     000000014015c890 f   LIBCMT:strtok.obj
 0001:0015b97c       atoi                       000000014015c97c f   LIBCMT:atox.obj
 0001:0015b97c       atol                       000000014015c97c f   LIBCMT:atox.obj
 0001:0015b988       _set_osfhnd                000000014015c988 f   LIBCMT:osfinfo.obj
 0001:0015ba38       _free_osfhnd               000000014015ca38 f   LIBCMT:osfinfo.obj
 0001:0015bae4       _get_osfhandle             000000014015cae4 f   LIBCMT:osfinfo.obj
 0001:0015bb68       __lock_fhandle             000000014015cb68 f   LIBCMT:osfinfo.obj
 0001:0015bc10       _unlock_fhandle            000000014015cc10 f   LIBCMT:osfinfo.obj
 0001:0015bc38       _alloc_osfhnd              000000014015cc38 f   LIBCMT:osfinfo.obj
 0001:0015be54       _open_osfhandle            000000014015ce54 f   LIBCMT:osfinfo.obj
 0001:0015bf4c       _get_errno_from_oserr      000000014015cf4c f   LIBCMT:dosmap.obj
 0001:0015bf94       _errno                     000000014015cf94 f   LIBCMT:dosmap.obj
 0001:0015bfb4       __doserrno                 000000014015cfb4 f   LIBCMT:dosmap.obj
 0001:0015bfd4       _dosmaperr                 000000014015cfd4 f   LIBCMT:dosmap.obj
 0001:0015c01c       _clearfp                   000000014015d01c f   LIBCMT:_ieee_.obj
 0001:0015c06c       fputs                      000000014015d06c f   LIBCMT:fputs.obj
 0001:0015c1fc       _snprintf                  000000014015d1fc f   LIBCMT:snprintf.obj
 0001:0015c2ac       _forcdecpt_l               000000014015d2ac f   LIBCMT:cvt.obj
 0001:0015c32c       _cropzeros_l               000000014015d32c f   LIBCMT:cvt.obj
 0001:0015c3cc       _positive                  000000014015d3cc f   LIBCMT:cvt.obj
 0001:0015c3e4       _fassign_l                 000000014015d3e4 f   LIBCMT:cvt.obj
 0001:0015c428       _fassign                   000000014015d428 f   LIBCMT:cvt.obj
 0001:0015c430       _forcdecpt                 000000014015d430 f   LIBCMT:cvt.obj
 0001:0015c438       _cropzeros                 000000014015d438 f   LIBCMT:cvt.obj
 0001:0015c698       _cftoe_l                   000000014015d698 f   LIBCMT:cvt.obj
 0001:0015c7a4       _cftoa_l                   000000014015d7a4 f   LIBCMT:cvt.obj
 0001:0015cd94       _cftof_l                   000000014015dd94 f   LIBCMT:cvt.obj
 0001:0015ce7c       _cftog_l                   000000014015de7c f   LIBCMT:cvt.obj
 0001:0015cfc0       _cfltcvt_l                 000000014015dfc0 f   LIBCMT:cvt.obj
 0001:0015d058       _cfltcvt                   000000014015e058 f   LIBCMT:cvt.obj
 0001:0015d07c       _initp_misc_cfltcvt_tab    000000014015e07c f   LIBCMT:cmiscdat.obj
 0001:0015d0b4       __C_specific_handler       000000014015e0b4 f   LIBCMT:chandler.obj
 0001:0015d258       _mtinitlocks               000000014015e258 f   LIBCMT:mlock.obj
 0001:0015d2e4       _mtdeletelocks             000000014015e2e4 f   LIBCMT:mlock.obj
 0001:0015d368       _unlock                    000000014015e368 f   LIBCMT:mlock.obj
 0001:0015d380       _mtinitlocknum             000000014015e380 f   LIBCMT:mlock.obj
 0001:0015d468       _lock                      000000014015e468 f   LIBCMT:mlock.obj
 0001:0015d4ac       _encode_pointer            000000014015e4ac f   LIBCMT:tidtable.obj
 0001:0015d4b4       _encoded_null              000000014015e4b4 f   LIBCMT:tidtable.obj
 0001:0015d4c0       _decode_pointer            000000014015e4c0 f   LIBCMT:tidtable.obj
 0001:0015d4c8       _mtterm                    000000014015e4c8 f   LIBCMT:tidtable.obj
 0001:0015d4f0       _initptd                   000000014015e4f0 f   LIBCMT:tidtable.obj
 0001:0015d5a4       _getptd_noexit             000000014015e5a4 f   LIBCMT:tidtable.obj
 0001:0015d628       _getptd                    000000014015e628 f   LIBCMT:tidtable.obj
 0001:0015d64c       _freefls                   000000014015e64c f   LIBCMT:tidtable.obj
 0001:0015d784       _mtinit                    000000014015e784 f   LIBCMT:tidtable.obj
 0001:0015d808       _fpclear                   000000014015e808 f   LIBCMT:_fpinit_.obj
 0001:0015d808       _initp_misc_winxfltr       000000014015e808 f   LIBCMT:winxfltr.obj
 0001:0015d80c       _XcptFilter                000000014015e80c f   LIBCMT:winxfltr.obj
 0001:0015d9dc       _initp_misc_invarg         000000014015e9dc f   LIBCMT:invarg.obj
 0001:0015d9e4       _invoke_watson             000000014015e9e4 f   LIBCMT:invarg.obj
 0001:0015db0c       _invalid_parameter         000000014015eb0c f   LIBCMT:invarg.obj
 0001:0015db94       _malloc_crt                000000014015eb94 f   LIBCMT:crtheap.obj
 0001:0015dc00       _calloc_crt                000000014015ec00 f   LIBCMT:crtheap.obj
 0001:0015dc84       _realloc_crt               000000014015ec84 f   LIBCMT:crtheap.obj
 0001:0015dd0c       _recalloc_crt              000000014015ed0c f   LIBCMT:crtheap.obj
 0001:0015dd94       _msize                     000000014015ed94 f   LIBCMT:msize.obj
 0001:0015dde0       _ValidateImageBase         000000014015ede0 f   LIBCMT:pesect.obj
 0001:0015de10       _FindPESection             000000014015ee10 f   LIBCMT:pesect.obj
 0001:0015de60       _IsNonwritableInCurrentImage 000000014015ee60 f   LIBCMT:pesect.obj
 0001:0015e11c       __updatetmbcinfo           000000014015f11c f   LIBCMT:mbctype.obj
 0001:0015e268       _setmbcp_nolock            000000014015f268 f   LIBCMT:mbctype.obj
 0001:0015e4e0       _setmbcp                   000000014015f4e0 f   LIBCMT:mbctype.obj
 0001:0015e6d8       __initmbctable             000000014015f6d8 f   LIBCMT:mbctype.obj
 0001:0015e700       __freetlocinfo             000000014015f700 f   LIBCMT:setlocal.obj
 0001:0015e87c       __addlocaleref             000000014015f87c f   LIBCMT:setlocal.obj
 0001:0015e914       __removelocaleref          000000014015f914 f   LIBCMT:setlocal.obj
 0001:0015ea14       __updatetlocinfo           000000014015fa14 f   LIBCMT:setlocal.obj
 0001:0015efcc       __crtLCMapStringA          000000014015ffcc f   LIBCMT:a_map.obj
 0001:0015f064       _isleadbyte_l              0000000140160064 f i LIBCMT:_wctype.obj
 0001:0015f0ac       isleadbyte                 00000001401600ac f i LIBCMT:_wctype.obj
 0001:0015f0f4       _isctype_l                 00000001401600f4 f   LIBCMT:isctype.obj
 0001:0015f200       _NMSG_WRITE                0000000140160200 f   LIBCMT:crt0msg.obj
 0001:0015f428       _FF_MSGBANNER              0000000140160428 f   LIBCMT:crt0msg.obj
 0001:0015f46c       _RTC_Initialize            000000014016046c f   LIBCMT:_initsect_.obj
 0001:0015f4a4       _RTC_Terminate             00000001401604a4 f   LIBCMT:_initsect_.obj
 0001:0015f4dc       ?terminate@@YAXXZ          00000001401604dc f   LIBCMT:hooks.obj
 0001:0015f500       _initp_eh_hooks            0000000140160500 f   LIBCMT:hooks.obj
 0001:0015f51c       _initp_misc_rand_s         000000014016051c f   LIBCMT:rand_s.obj
 0001:0015f524       _initp_misc_purevirt       0000000140160524 f   LIBCMT:inithelp.obj
 0001:0015f52c       _initp_misc_initcrit       000000014016052c f   LIBCMT:initcrit.obj
 0001:0015f534       __crtInitCritSecAndSpinCount 0000000140160534 f   LIBCMT:initcrit.obj
 0001:0015f56c       _initp_heap_handler        000000014016056c f   LIBCMT:handler.obj
 0001:0015f574       _callnewh                  0000000140160574 f   LIBCMT:handler.obj
 0001:0015f5a8       _mbsnbicoll_l              00000001401605a8 f   LIBCMT:mbsnbico.obj
 0001:0015f6b8       _mbsnbicoll                00000001401606b8 f   LIBCMT:mbsnbico.obj
 0001:0015f6d0       strlen                     00000001401606d0 f   LIBCMT:strlen.obj
 0001:0015f778       __wtomb_environ            0000000140160778 f   LIBCMT:wtombenv.obj
 0001:0015f86c       strcpy_s                   000000014016086c f   LIBCMT:strcpy_s.obj
 0001:0015f8e0       strnlen                    00000001401608e0 f   LIBCMT:strlen_s.obj
 0001:0015f8fc       _flsbuf                    00000001401608fc f   LIBCMT:_flsbuf.obj
 0001:0015fba8       _output_l                  0000000140160ba8 f   LIBCMT:output.obj
 0001:00160690       _heap_init                 0000000140161690 f   LIBCMT:heapinit.obj
 0001:001606f0       memset                     00000001401616f0 f   LIBCMT:memset.obj
 0001:001607dc       _ioinit                    00000001401617dc f   LIBCMT:ioinit.obj
 0001:00160acc       _fcloseall                 0000000140161acc f   LIBCMT:closeall.obj
 0001:00160b7c       _flush                     0000000140161b7c f   LIBCMT:fflush.obj
 0001:00160bf8       _fflush_nolock             0000000140161bf8 f   LIBCMT:fflush.obj
 0001:00160d34       _flushall                  0000000140161d34 f   LIBCMT:fflush.obj
 0001:00160d40       _stbuf                     0000000140161d40 f   LIBCMT:_sftbuf.obj
 0001:00160e14       _ftbuf                     0000000140161e14 f   LIBCMT:_sftbuf.obj
 0001:00160e4c       _fileno                    0000000140161e4c f   LIBCMT:fileno.obj
 0001:00160e84       _openfile                  0000000140161e84 f   LIBCMT:_open.obj
 0001:0016114c       _getstream                 000000014016214c f   LIBCMT:stream.obj
 0001:001612d0       _local_unwind              00000001401622d0 f   LIBCMT:jmpuwind.obj
 0001:00161300       _NLG_Notify                0000000140162300 f   LIBCMT:jmpuwind.obj
 0001:00161320       __NLG_Dispatch2            0000000140162320 f   LIBCMT:jmpuwind.obj
 0001:00161330       __NLG_Return2              0000000140162330 f   LIBCMT:jmpuwind.obj
 0001:00161334       _close_nolock              0000000140162334 f   LIBCMT:close.obj
 0001:001613f0       _close                     00000001401623f0 f   LIBCMT:close.obj
 0001:00161508       _freebuf                   0000000140162508 f   LIBCMT:_freebuf.obj
 0001:00161540       strncpy_s                  0000000140162540 f   LIBCMT:strncpy_s.obj
 0001:00161618       __GSHandlerCheckCommon     0000000140162618 f   LIBCMT:gshandler.obj
 0001:0016167c       __GSHandlerCheck           000000014016267c f   LIBCMT:gshandler.obj
 0001:0016169c       _putwch_nolock             000000014016269c f   LIBCMT:putwch.obj
 0001:001617b0       _mbtowc_l                  00000001401627b0 f   LIBCMT:mbtowc.obj
 0001:00161924       mbtowc                     0000000140162924 f   LIBCMT:mbtowc.obj
 0001:0016192c       _isatty                    000000014016292c f   LIBCMT:isatty.obj
 0001:0016199c       _lseeki64_nolock           000000014016299c f   LIBCMT:lseeki64.obj
 0001:00161a34       _lseeki64                  0000000140162a34 f   LIBCMT:lseeki64.obj
 0001:00161b80       __security_check_cookie    0000000140162b80 f   LIBCMT:amdsecgs.obj
 0001:00161c60       _input_l                   0000000140162c60 f   LIBCMT:input.obj
 0001:00163064       strtol                     0000000140164064 f   LIBCMT:strtol.obj
 0001:0016322c       mainCRTStartup             000000014016422c f   LIBCMT:crt0.obj
 0001:00163240       _set_fpsr                  0000000140164240 f   LIBCMT:_fpsr_.obj
 0001:0016324a       _fclrf                     000000014016424a f   LIBCMT:_fpsr_.obj
 0001:00163260       _fwrite_nolock             0000000140164260 f   LIBCMT:fwrite.obj
 0001:001633fc       strrchr                    00000001401643fc f   LIBCMT:strrchr.obj
 0001:00163424       _atodbl_l                  0000000140164424 f   LIBCMT:atodbl.obj
 0001:00163528       _atoflt_l                  0000000140164528 f   LIBCMT:atodbl.obj
 0001:0016362c       _fptostr                   000000014016462c f   LIBCMT:_fptostr.obj
 0001:00163708       __dtold                    0000000140164708 f   LIBCMT:_cfout_.obj
 0001:001637e0       _fltout2                   00000001401647e0 f   LIBCMT:_cfout_.obj
 0001:001638a0       _fptrap                    00000001401648a0 f   LIBCMT:crt0fp.obj
 0001:001638ac       __crt_debugger_hook        00000001401648ac f   LIBCMT:dbghook.obj
 0001:001638b4       _calloc_impl               00000001401648b4 f   LIBCMT:calloc_impl.obj
 0001:00163964       _recalloc                  0000000140164964 f   LIBCMT:recalloc.obj
 0001:00163c6c       __crtGetStringTypeA        0000000140164c6c f   LIBCMT:a_str.obj
 0001:00163cf8       __free_lc_time             0000000140164cf8 f   LIBCMT:inittime.obj
 0001:00163ee4       __free_lconv_num           0000000140164ee4 f   LIBCMT:initnum.obj
 0001:00163f2c       __free_lconv_mon           0000000140164f2c f   LIBCMT:initmon.obj
 0001:00163fc4       strcat_s                   0000000140164fc4 f   LIBCMT:strcat_s.obj
 0001:00164060       strcmp                     0000000140165060 f   LIBCMT:strcmp.obj
 0001:00164120       memcmp                     0000000140165120 f   LIBCMT:memcmp.obj
 0001:001641e8       __ansicp                   00000001401651e8 f   LIBCMT:convrtcp.obj
 0001:0016423c       __convertcp                000000014016523c f   LIBCMT:convrtcp.obj
 0001:001644c4       __crtMessageBoxA           00000001401654c4 f   LIBCMT:crtmbox.obj
 0001:001646b8       _set_error_mode            00000001401656b8 f   LIBCMT:errmode.obj
 0001:00164be4       __crtCompareStringA        0000000140165be4 f   LIBCMT:a_cmp.obj
 0001:00164c70       _strnicoll_l               0000000140165c70 f   LIBCMT:strnicol.obj
 0001:00164d88       __crtsetenv                0000000140165d88 f   LIBCMT:setenv.obj
 0001:00165138       _getbuf                    0000000140166138 f   LIBCMT:_getbuf.obj
 0001:0016518c       _get_printf_count_output   000000014016618c f   LIBCMT:printf.obj
 0001:001651a4       _wctomb_s_l                00000001401661a4 f   LIBCMT:wctomb.obj
 0001:001653b4       wctomb_s                   00000001401663b4 f   LIBCMT:wctomb.obj
 0001:001653c8       _commit                    00000001401663c8 f   LIBCMT:commit.obj
 0001:00165cdc       _sopen_helper              0000000140166cdc f   LIBCMT:open.obj
 0001:00165e14       _sopen_s                   0000000140166e14 f   LIBCMT:open.obj
 0001:00165e48       _mbsnbicmp_l               0000000140166e48 f   LIBCMT:mbsnbicm.obj
 0001:00166034       _mbsnbicmp                 0000000140167034 f   LIBCMT:mbsnbicm.obj
 0001:0016603c       _mbsnbcmp_l                000000014016703c f   LIBCMT:mbsnbcmp.obj
 0001:001661a4       _mbsnbcmp                  00000001401671a4 f   LIBCMT:mbsnbcmp.obj
 0001:001661ac       __initconout               00000001401671ac f   LIBCMT:initcon.obj
 0001:001661e8       __termcon                  00000001401671e8 f   LIBCMT:initcon.obj
 0001:00166224       __report_gsfailure         0000000140167224 f   LIBCMT:gs_report.obj
 0001:00166370       _filbuf                    0000000140167370 f   LIBCMT:_filbuf.obj
 0001:001664cc       _ungetc_nolock             00000001401674cc f   LIBCMT:ungetc.obj
 0001:001665e8       ?__CxxUnhandledExceptionFilter@@YAJPEAU_EXCEPTION_POINTERS@@@Z 00000001401675e8 f   LIBCMT:unhandld.obj
 0001:0016662c       __CxxSetUnhandledExceptionFilter 000000014016762c f   LIBCMT:unhandld.obj
 0001:00166644       _setenvp                   0000000140167644 f   LIBCMT:stdenvp.obj
 0001:00166944       _setargv                   0000000140167944 f   LIBCMT:stdargv.obj
 0001:00166a3c       __crtGetEnvironmentStringsA 0000000140167a3c f   LIBCMT:a_env.obj
 0001:00166bf0       __security_init_cookie     0000000140167bf0 f   LIBCMT:gs_support.obj
 0001:00166ca4       _ld12tod                   0000000140167ca4 f   LIBCMT:_intrncvt_.obj
 0001:001672a8       _ld12tof                   00000001401682a8 f   LIBCMT:_intrncvt_.obj
 0001:001678ac       __strgtold12_l             00000001401688ac f   LIBCMT:_strgtold_.obj
 0001:001681a8       $I10_OUTPUT                00000001401691a8 f   LIBCMT:_x10fout_.obj
 0001:00168d10       __ascii_strnicmp           0000000140169d10 f   LIBCMT:strnicmp.obj
 0001:00168d58       _strnicmp_l                0000000140169d58 f   LIBCMT:strnicmp.obj
 0001:00168e6c       _strnicmp                  0000000140169e6c f   LIBCMT:strnicmp.obj
 0001:00168ec8       _strdup                    0000000140169ec8 f   LIBCMT:strdup.obj
 0001:00168f38       _mbschr_l                  0000000140169f38 f   LIBCMT:mbschr.obj
 0001:00169030       _mbschr                    000000014016a030 f   LIBCMT:mbschr.obj
 0001:00169038       _chsize_nolock             000000014016a038 f   LIBCMT:chsize.obj
 0001:001691d0       _read_nolock               000000014016a1d0 f   LIBCMT:read.obj
 0001:00169950       _read                      000000014016a950 f   LIBCMT:read.obj
 0001:00169ac4       _lseek_nolock              000000014016aac4 f   LIBCMT:lseek.obj
 0001:00169b5c       _setmode_nolock            000000014016ab5c f   LIBCMT:setmode.obj
 0001:00169c2c       _get_fmode                 000000014016ac2c f   LIBCMT:setmode.obj
 0001:00169ce8       _ismbblead_l               000000014016ace8 f   LIBCMT:ismbbyte.obj
 0001:00169d00       _ismbblead                 000000014016ad00 f   LIBCMT:ismbbyte.obj
 0001:00169d14       __mtold12                  000000014016ad14 f   LIBCMT:_mantold_.obj
 0001:00169f40       __intel_new_proc_init      000000014016af40 f   libirc:proc_init.obj
 0001:00169f70       __intel_new_proc_init.H    000000014016af70 f   libirc:proc_init.obj
 0001:0016a040       RegisterGetUnitQQ          000000014016b040 f   ifconsol:for_m_console.obj
 0001:0016a040       __intel_new_proc_init.A    000000014016b040 f   libirc:proc_init.obj
 0001:0016a040       ChangeQWINCP               000000014016b040 f   ifconsol:for_m_console.obj
 0001:0016a040       RegisterGetHandleQQ        000000014016b040 f   ifconsol:for_m_console.obj
 0001:0016a050       _intel_fast_memset.A       000000014016b050 f   libirc:fastmemset.obj
 0001:0016a060       _intel_fast_memset.J       000000014016b060 f   libirc:fastmemset.obj
 0001:0016a070       _intel_fast_memset         000000014016b070 f   libirc:fastmemset.obj
 0001:0016a0a0       _intel_fast_memcpy.A       000000014016b0a0 f   libirc:fastmemcpy.obj
 0001:0016a0b0       _intel_fast_memcpy.J       000000014016b0b0 f   libirc:fastmemcpy.obj
 0001:0016a0c0       _intel_fast_memcpy         000000014016b0c0 f   libirc:fastmemcpy.obj
 0001:0016a0f0       _intel_fast_memcmp         000000014016b0f0 f   libirc:ia32_memcmp.obj
 0001:0016a260       __intel_sse2_strlen        000000014016b260 f   libirc:faststrlen.obj
 0001:0016a290       tbk_string_stack_signal    000000014016b290 f   libirc:tbk_display.obj
 0001:0016ac20       a_mulq                     000000014016bc20 f   libirc:w_mulq.obj
 0001:0016ac30       a_divq                     000000014016bc30 f   libirc:w_divq.obj
 0001:0016ac40       __intel_cpu_indicator_init 000000014016bc40 f   libirc:cpu_disp.obj
 0001:0016adc0       irc__get_msg               000000014016bdc0 f   libirc:irc_msg_support.obj
 0001:0016af80       __intel_new_memset         000000014016bf80 f   libirc:fast_memset.obj
 0001:0016c4e0       __intel_new_memcpy         000000014016d4e0 f   libirc:fast_memcpy.obj
 0001:0016e8b0       tbk_getPC                  000000014016f8b0 f   libirc:tbk_backtrace.obj
 0001:0016e8c0       tbk_getModuleName          000000014016f8c0 f   libirc:tbk_backtrace.obj
 0001:0016e980       tbk_get_pc_info            000000014016f980 f   libirc:tbk_backtrace.obj
 0001:0016f100       tbk_trace_stack            0000000140170100 f   libirc:tbk_backtrace.obj
 0001:0016f4a0       __mulq.A                   00000001401704a0 f   libirc:ia32_mulq.obj
 0001:0016f4a0       __mulq.L                   00000001401704a0 f   libirc:ia32_mulq.obj
 0001:0016fff0       __mulq                     0000000140170ff0 f   libirc:ia32_mulq.obj
 0001:00170020       __divq.L                   0000000140171020 f   libirc:ia32_divq.obj
 0001:00170020       __divq.A                   0000000140171020 f   libirc:ia32_divq.obj
 0001:00170ea0       __divq                     0000000140171ea0 f   libirc:ia32_divq.obj
 0001:00170ed0       __intel_init_mem_ops_method 0000000140171ed0 f   libirc:efi2_fast_mem_ops.obj
 0001:001712d0       __intel_get_new_mem_ops_cpuid 00000001401722d0 f   libirc:fast_get_cpuid.obj
 0001:001712f6       __intel_get_new_mem_ops_cpuid4 00000001401722f6 f   libirc:fast_get_cpuid.obj
 0001:0017133c       RtlUnwindEx                000000014017233c f   kernel32:KERNEL32.dll
 0001:00171342       RtlVirtualUnwind           0000000140172342 f   kernel32:KERNEL32.dll
 0001:00171348       RtlLookupFunctionEntry     0000000140172348 f   kernel32:KERNEL32.dll
 0001:00171350       _QWINWrite                 0000000140172350 f   ifconsol:for_m_console.obj
 0001:00171350       _QWINSetIOFOCUS            0000000140172350 f   ifconsol:for_m_console.obj
 0001:00171350       _QWINRead                  0000000140172350 f   ifconsol:for_m_console.obj
 0001:00171350       _QWINGetFileName           0000000140172350 f   ifconsol:for_m_console.obj
 0001:00171350       _QWINClose                 0000000140172350 f   ifconsol:for_m_console.obj
 0001:00171350       _wgsetactive               0000000140172350 f   ifconsol:for_m_console.obj
 0001:00171350       _QWINNiceExit              0000000140172350 f   ifconsol:for_m_console.obj
 0001:00171350       _QWINGetTitle              0000000140172350 f   ifconsol:for_m_console.obj
 0001:00171350       _wgopen                    0000000140172350 f   ifconsol:for_m_console.obj
 0001:00171350       _QWINMsgBox                0000000140172350 f   ifconsol:for_m_console.obj
 0001:00171370       _QWINSetFocus              0000000140172370 f   ifconsol:for_m_console.obj
 0001:00171370       _QWINGetDefaultWindow      0000000140172370 f   ifconsol:for_m_console.obj
 0001:00171390       main                       0000000140172390 f   libifcoremt:for_main.obj
 0001:001714a0       for__nt_handler_jacket     00000001401724a0 f   libifcoremt:for_main.obj
 0001:001714f0       for__nt_user_handler_jacket 00000001401724f0 f   libifcoremt:for_main.obj
 0001:00171580       strcat                     0000000140172580 f   LIBCMT:strcat.obj
 0001:00171620       strcpy                     0000000140172620 f   LIBCMT:strcat.obj
 0001:00171623       ___entry_from_strcat_in_strcpy 0000000140172623     LIBCMT:strcat.obj
 0001:001716f0       strncat                    00000001401726f0 f   LIBCMT:strncat.obj
 0001:00171b30       _splitpath                 0000000140172b30 f   LIBCMT:splitpat.obj
 0001:00171bc0       _fpieee_flt                0000000140172bc0 f   LIBCMT:_filter_.obj
 0001:00171f5c       _mbsnbcpy_s                0000000140172f5c f   LIBCMT:mbsnbcpy_s.obj
 0001:00171f70       FLTINIT                    0000000140172f70 f   LIBCMT:_filter_util_.obj
 0001:00171f70       SCALE                      0000000140172f70 f   LIBCMT:_filter_util_.obj
 0001:00171f87       FP80_TO_FP64               0000000140172f87 f   LIBCMT:_filter_util_.obj
 0001:00171f8c       FP80_TO_FP32               0000000140172f8c f   LIBCMT:_filter_util_.obj
 0001:00171f91       getCurStack                0000000140172f91 f   LIBCMT:_filter_util_.obj
 0001:00171f94       __fnclex                   0000000140172f94 f   LIBCMT:_filter_util_.obj
 0001:00171f97       __fninit                   0000000140172f97 f   LIBCMT:_filter_util_.obj
 0001:00171f9c       LoadOperand                0000000140172f9c f   LIBCMT:_filter_simd_.obj
 0001:001722e0       AdjustExceptionResult      00000001401732e0 f   LIBCMT:_filter_simd_.obj
 0001:001724e0       UpdateResult               00000001401734e0 f   LIBCMT:_filter_simd_.obj
 0001:001726d8       SetPniOperation            00000001401736d8 f   LIBCMT:_filter_simd_.obj
 0001:00172cf4       LoopDppxSimdValue          0000000140173cf4 f   LIBCMT:_filter_simd_.obj
 0001:00172f70       DppxEmulationWrapper       0000000140173f70 f   LIBCMT:_filter_simd_.obj
 0001:00173154       fpieee_flt_simd            0000000140174154 f   LIBCMT:_filter_simd_.obj
 0001:00173e98       _mbsnbcpy_s_l              0000000140174e98 f   LIBCMT:mbsnbcpy_s_l.obj
 0001:00174140       fp64_is_snan               0000000140175140 f   LIBCMT:_xmmi2_fp_emul_.obj
 0001:00174174       fp64_is_inf                0000000140175174 f   LIBCMT:_xmmi2_fp_emul_.obj
 0001:001741a0       fp64_is_denormal           00000001401751a0 f   LIBCMT:_xmmi2_fp_emul_.obj
 0001:001741c4       RoundDoubleToIntegral      00000001401751c4 f   LIBCMT:_xmmi2_fp_emul_.obj
 0001:00174424       XMMI2_FP_Emulation         0000000140175424 f   LIBCMT:_xmmi2_fp_emul_.obj
 0001:00175e54       fp32_is_snan               0000000140176e54 f   LIBCMT:_xmmi_fp_emul_.obj
 0001:00175e78       RoundFloatToIntegral       0000000140176e78 f   LIBCMT:_xmmi_fp_emul_.obj
 0001:0017603c       XMMI_FP_Emulation          000000014017703c f   LIBCMT:_xmmi_fp_emul_.obj
 0001:00177188       __GSHandlerCheck_SEH       0000000140178188 f   LIBCMT:gshandlerseh.obj
 0001:00177220       __read_mxcsr               0000000140178220 f   LIBCMT:_sse_funcs_.obj
 0001:00177230       __write_mxcsr              0000000140178230 f   LIBCMT:_sse_funcs_.obj
 0001:00177240       __int_addss                0000000140178240 f   LIBCMT:_sse_funcs_.obj
 0001:00177251       __int_subss                0000000140178251 f   LIBCMT:_sse_funcs_.obj
 0001:00177262       __int_mulss                0000000140178262 f   LIBCMT:_sse_funcs_.obj
 0001:00177273       __int_divss                0000000140178273 f   LIBCMT:_sse_funcs_.obj
 0001:00177284       __int_cvtsi2ss             0000000140178284 f   LIBCMT:_sse_funcs_.obj
 0001:0017728d       __int64_cvtsi2ss           000000014017828d f   LIBCMT:_sse_funcs_.obj
 0001:00177297       __int_cvtss2si             0000000140178297 f   LIBCMT:_sse_funcs_.obj
 0001:001772a0       __int64_cvtss2si           00000001401782a0 f   LIBCMT:_sse_funcs_.obj
 0001:001772aa       __int_cvttss2si            00000001401782aa f   LIBCMT:_sse_funcs_.obj
 0001:001772b3       __int64_cvttss2si          00000001401782b3 f   LIBCMT:_sse_funcs_.obj
 0001:001772bd       __int_cmpss                00000001401782bd f   LIBCMT:_sse_funcs_.obj
 0001:00177346       __int_comiss               0000000140178346 f   LIBCMT:_sse_funcs_.obj
 0001:00177352       __int_ucomiss              0000000140178352 f   LIBCMT:_sse_funcs_.obj
 0001:0017735e       __int_maxss                000000014017835e f   LIBCMT:_sse_funcs_.obj
 0001:0017736f       __int_minss                000000014017836f f   LIBCMT:_sse_funcs_.obj
 0001:00177380       __int_sqrtss               0000000140178380 f   LIBCMT:_sse_funcs_.obj
 0001:0017738d       __int_addsd                000000014017838d f   LIBCMT:_sse_funcs_.obj
 0001:001773b5       __int_subsd                00000001401783b5 f   LIBCMT:_sse_funcs_.obj
 0001:001773dd       __int_mulsd                00000001401783dd f   LIBCMT:_sse_funcs_.obj
 0001:00177405       __int_divsd                0000000140178405 f   LIBCMT:_sse_funcs_.obj
 0001:0017742d       __int_cmpsd                000000014017842d f   LIBCMT:_sse_funcs_.obj
 0001:00177510       __int_comisd               0000000140178510 f   LIBCMT:_sse_funcs_.obj
 0001:0017752f       __int_ucomisd              000000014017852f f   LIBCMT:_sse_funcs_.obj
 0001:0017754e       __int_cvtsd2si             000000014017854e f   LIBCMT:_sse_funcs_.obj
 0001:00177564       __int64_cvtsd2si           0000000140178564 f   LIBCMT:_sse_funcs_.obj
 0001:0017757b       __int_cvttsd2si            000000014017857b f   LIBCMT:_sse_funcs_.obj
 0001:00177591       __int64_cvttsd2si          0000000140178591 f   LIBCMT:_sse_funcs_.obj
 0001:001775a8       __int_cvtss2sd             00000001401785a8 f   LIBCMT:_sse_funcs_.obj
 0001:001775c2       __int_cvtsd2ss             00000001401785c2 f   LIBCMT:_sse_funcs_.obj
 0001:001775dc       __int_maxsd                00000001401785dc f   LIBCMT:_sse_funcs_.obj
 0001:00177604       __int_minsd                0000000140178604 f   LIBCMT:_sse_funcs_.obj
 0001:0017762c       __int_sqrtsd               000000014017862c f   LIBCMT:_sse_funcs_.obj
 0001:00177650       _frnd                      0000000140178650 f   LIBCMT:_fpsr_.obj
 0001:00177680       _alloca_probe              0000000140178680     LIBCMT:chkstk.obj
 0001:00177680       __chkstk                   0000000140178680 f   LIBCMT:chkstk.obj
 0001:001776e0       _get_fpsr                  00000001401786e0 f   LIBCMT:_fpsr_.obj
 0002:00000000       __imp_CloseHandle          0000000140179000     kernel32:KERNEL32.dll
 0002:00000008       __imp_Sleep                0000000140179008     kernel32:KERNEL32.dll
 0002:00000010       __imp_TlsGetValue          0000000140179010     kernel32:KERNEL32.dll
 0002:00000018       __imp_TlsSetValue          0000000140179018     kernel32:KERNEL32.dll
 0002:00000020       __imp_TlsFree              0000000140179020     kernel32:KERNEL32.dll
 0002:00000028       __imp_TlsAlloc             0000000140179028     kernel32:KERNEL32.dll
 0002:00000030       __imp_SetLastError         0000000140179030     kernel32:KERNEL32.dll
 0002:00000038       __imp_WaitForSingleObject  0000000140179038     kernel32:KERNEL32.dll
 0002:00000040       __imp_SetFilePointer       0000000140179040     kernel32:KERNEL32.dll
 0002:00000048       __imp_GetFileType          0000000140179048     kernel32:KERNEL32.dll
 0002:00000050       __imp_GetLastError         0000000140179050     kernel32:KERNEL32.dll
 0002:00000058       __imp_WriteFile            0000000140179058     kernel32:KERNEL32.dll
 0002:00000060       __imp_EnterCriticalSection 0000000140179060     kernel32:KERNEL32.dll
 0002:00000068       __imp_LeaveCriticalSection 0000000140179068     kernel32:KERNEL32.dll
 0002:00000070       __imp_GetFileAttributesExA 0000000140179070     kernel32:KERNEL32.dll
 0002:00000078       __imp_GetFileSize          0000000140179078     kernel32:KERNEL32.dll
 0002:00000080       __imp_GetFileAttributesA   0000000140179080     kernel32:KERNEL32.dll
[...]
 0003:0006b670       _wpgmptr                   000000014021b670     LIBCMT:crt0dat.obj
 0003:0006b678       _exitflag                  000000014021b678     LIBCMT:crt0dat.obj
 0003:0006b67c       _C_Termination_Done        000000014021b67c     LIBCMT:crt0dat.obj
 0003:0006b680       _C_Exit_Done               000000014021b680     LIBCMT:crt0dat.obj
 0003:0006b690       _cflush                    000000014021b690     LIBCMT:_file.obj
 0003:0006b8d0       __pInvalidArgHandler       000000014021b8d0     LIBCMT:invarg.obj
 0003:0006b8d8       _maxwait                   000000014021b8d8     LIBCMT:crtheap.obj
 0003:0006b8e8       __mbulinfo                 000000014021b8e8     LIBCMT:mbctype.obj
 0003:0006b8f4       __mbcodepage               000000014021b8f4     LIBCMT:mbctype.obj
 0003:0006b8f8       __ismbcodepage             000000014021b8f8     LIBCMT:mbctype.obj
 0003:0006b8fc       __mblcid                   000000014021b8fc     LIBCMT:mbctype.obj
 0003:0006b900       __locale_changed           000000014021b900     LIBCMT:setlocal.obj
 0003:0006b908       __lc_handle                000000014021b908     LIBCMT:nlsdata2.obj
 0003:0006b920       __lc_codepage              000000014021b920     LIBCMT:nlsdata2.obj
 0003:0006b924       __lc_collate_cp            000000014021b924     LIBCMT:nlsdata2.obj
 0003:0006bc48       ?__pInconsistency@@3P6AXXZEA 000000014021bc48     LIBCMT:hooks.obj
 0003:0006bc60       __pPurecall                000000014021bc60     LIBCMT:inithelp.obj
 0003:0006bc70       ?_pnhHeap@@3P6AH_K@ZEA     000000014021bc70     LIBCMT:handler.obj
 0003:0006bc78       _crtheap                   000000014021bc78     LIBCMT:heapinit.obj
 0003:0006bc80       _newmode                   000000014021bc80     LIBCMT:_newmode.obj
 0003:0006bc88       _stdbuf                    000000014021bc88     LIBCMT:_sftbuf.obj
 0003:0006bc98       _aenvptr                   000000014021bc98     LIBCMT:crt0.obj
 0003:0006bca0       _wenvptr                   000000014021bca0     LIBCMT:crt0.obj
 0003:0006bca8       __error_mode               000000014021bca8     LIBCMT:crt0.obj
 0003:0006bcac       _outputformat              000000014021bcac     LIBCMT:outputformat.obj
 0003:0006bcb4       __lconv_static_null        000000014021bcb4     LIBCMT:lconv.obj
 0003:0006bcf0       _commode                   000000014021bcf0     LIBCMT:ncommode.obj
 0003:0006c43c       _fmode                     000000014021c43c     LIBCMT:txtmode.obj
 0003:0006c440       __intel_cpu_indicator      000000014021c440     libirc:cpu_disp.obj
 0003:0006cb20       __intel_memcpy_largest_cache_size 000000014021cb20     libirc:efi2_fast_mem_ops.obj
 0003:0006cb24       __intel_memcpy_largest_cachelinesize 000000014021cb24     libirc:efi2_fast_mem_ops.obj
 0003:0006cb28       _qw32used                  000000014021cb28     ifconsol:for_m_console.obj
 0003:0006cb50       SCRNUM                     000000014021cb50     <common>
 0003:0006cb60       SCRCHR                     000000014021cb60     <common>
 0003:0006ff40       GRVALS                     000000014021ff40     <common>
 0003:0006ffc0       GRCHRS                     000000014021ffc0     <common>
 0003:00070740       RCHR80                     0000000140220740     <common>
 0003:00072640       RCHR16                     0000000140222640     <common>
 0003:00155280       RCHR08                     0000000140305280     <common>
 0003:00155720       RCHRTX                     0000000140305720     <common>
 0003:001557a0       RSWTCH                     00000001403057a0     <common>
 0003:001557c0       RULNUM                     00000001403057c0     <common>
 0003:0015d560       SCHNUM                     000000014030d560     <common>
 0003:0015d580       SCHCHR                     000000014030d580     <common>
 0003:00163ec0       EXPINT                     0000000140313ec0     <common>
 0003:00163f60       EXPCHR                     0000000140313f60     <common>
 0003:0018efc0       BNUMS                      000000014033efc0     <common>
 0003:001c7c80       BNAMES                     0000000140377c80     <common>
 0003:001c9e20       ASBVAL                     0000000140379e20     <common>
 0003:001c9f00       ASOLST                     0000000140379f00     <common>
 0003:001c9f20       ASBNUM                     0000000140379f20     <common>
 0003:001c9f60       ASBNAM                     0000000140379f60     <common>
 0003:001c9fc0       AKEYN                      0000000140379fc0     <common>
 0003:001ca2e0       AKEYV                      000000014037a2e0     <common>
 0003:001ca3c0       ASTATS                     000000014037a3c0     <common>
 0003:001ca3f0       AVALUE                     000000014037a3f0     <common>
 0003:001ca400       ATRNUM                     000000014037a400     <common>
 0003:001ca410       ASWTCH                     000000014037a410     <common>
 0003:001ca420       ANAMES                     000000014037a420     <common>
 0003:001ca5e0       ALISTS                     000000014037a5e0     <common>
 0003:001e9a00       ASCRCH                     0000000140399a00     <common>
 0003:001f1720       AFILES                     00000001403a1720     <common>
 0003:001f1740       AVERSN                     00000001403a1740     <common>
 0003:001f1760       ADEBUG                     00000001403a1760     <common>
 0003:001f1780       ANLCMD                     00000001403a1780     <common>
 0003:001f17c0       REDCOM                     00000001403a17c0     <common>
 0003:001f1860       IBRNGV                     00000001403a1860     <common>
 0003:001f1870       GCHARS                     00000001403a1870     <common>
 0003:001f1880       GBASE2                     00000001403a1880     <common>
 0003:001f1a00       GNAME                      00000001403a1a00     <common>
 0003:00679540       PIVHST                     0000000140829540     <common>
 0003:006798e0       GINDEX                     00000001408298e0     <common>
 0003:043828e0       GETDBG                     00000001445328e0     <common>
 0003:04382900       GVALUE                     0000000144532900     <common>
 0003:05a65f20       FLKEYN                     0000000145c15f20     <common>
 0003:05a66000       FLKEYC                     0000000145c16000     <common>
 0003:05a68580       FLCSTR                     0000000145c18580     <common>
 0003:05a69200       FSETN                      0000000145c19200     <common>
 0003:05a69220       FSETDC                     0000000145c19220     <common>
 0003:05a69940       FCDNUM                     0000000145c19940     <common>
 0003:05a69960       FCDCHR                     0000000145c19960     <common>
 0003:05a713c0       FCRNUM                     0000000145c213c0     <common>
 0003:05a713d0       FCSNUM                     0000000145c213d0     <common>
 0003:05a713e0       FCSCHR                     0000000145c213e0     <common>
 0003:05a71f60       FLPDBG                     0000000145c21f60     <common>
 0003:05a71f80       FLCNUM                     0000000145c21f80     <common>
 0003:05a71fc0       FIONUM                     0000000145c21fc0     <common>
 0003:05a72000       FIOCHR                     0000000145c22000     <common>
 0003:05a72060       for__l_argc                0000000145c22060     <common>
 0003:05a72068       for__a_argv                0000000145c22068     <common>
 0003:05a72070       for__l_excpt_info          0000000145c22070     <common>
 0003:05a72080       for__aio_lub_table         0000000145c22080     <common>
 0003:05a72480       for__aio_global_mutex      0000000145c22480     <common>
 0003:05a724a8       message_catalog            0000000145c224a8     <common>
 0003:05a724b0       _debugger_hook_dummy       0000000145c224b0     <common>
 0003:05a724b8       _acmdln                    0000000145c224b8     <common>
 0003:05a724c0       _nhandle                   0000000145c224c0     <common>
 0003:05a724e0       __pioinfo                  0000000145c224e0     <common>
 0003:05a726e0       _pDestructExceptionObject  0000000145c226e0     <common>
 0003:05a726e8       __piob                     0000000145c226e8     <common>
 0003:05a72700       _bufin                     0000000145c22700     <common>
 0003:05a73700       _nstream                   0000000145c23700     <common>
 0003:05a73704       __env_initialized          0000000145c23704     <common>
 0003:05a73708       __onexitend                0000000145c23708     <common>
 0003:05a73710       __onexitbegin              0000000145c23710     <common>
 0003:05a73718       __mbctype_initialized      0000000145c23718     <common>
 0003:05a73720       __dyn_tls_init_callback    0000000145c23720     <common>

 entry point at        0001:0016322c

 Static symbols

 0001:000f18e0       wseq_complex               00000001400f28e0 f   libifcoremt:for_wseq_lis.obj
 0001:00107b10       for__lseek                 0000000140108b10 f   libifcoremt:for_backspace.obj
 0001:00107b10       for__lseek                 0000000140108b10 f   libifcoremt:for_backspace.obj
 0001:00107b10       for__lseek                 0000000140108b10 f   libifcoremt:for_backspace.obj
 0001:00107b60       for__tell                  0000000140108b60 f   libifcoremt:for_backspace.obj
 0001:00107b60       for__tell                  0000000140108b60 f   libifcoremt:for_backspace.obj
 0001:0010e160       write_UFSEQD_record_to_file 000000014010f160 f   libifcoremt:for_wseq.obj
 0001:0010e3c0       for__finish_direct_write   000000014010f3c0 f   libifcoremt:for_wseq.obj
 0001:00112880       for__read_ufseq            0000000140113880 f   libifcoremt:for_rseq.obj
 0001:00112bb0       for__lseek                 0000000140113bb0 f   libifcoremt:for_rseq.obj
 0001:00112c00       for__flush_file_buffer     0000000140113c00 f   libifcoremt:for_rseq.obj
 0001:00117980       release_lun                0000000140118980 f   libifcoremt:for_lub_mgt.obj
 0001:00118b60       process_existing_lub       0000000140119b60 f   libifcoremt:for_lub_mgt.obj
 0001:0011b7b4       for_get_app_type           000000014011c7b4 f   libifcoremt:for_diags_intel.obj
 0001:0011b834       redefine_severity_table    000000014011c834 f   libifcoremt:for_diags_intel.obj
 0001:0011b98c       get_message                000000014011c98c f   libifcoremt:for_diags_intel.obj
 0001:0011ba80       message_catalog_open       000000014011ca80 f   libifcoremt:for_diags_intel.obj
 0001:0011bb20       message_catalog_get_text   000000014011cb20 f   libifcoremt:for_diags_intel.obj
 0001:0011bc30       for__perror                000000014011cc30 f   libifcoremt:for_diags_intel.obj
 0001:0011bee0       for__dump_msg_buff         000000014011cee0 f   libifcoremt:for_diags_intel.obj
 0001:0011c474       redirect_stderr            000000014011d474 f   libifcoremt:for_diags_intel.obj
 0001:00120c90       emit_comp_fmt              0000000140121c90 f   libifcoremt:for_fmt_comp.obj
 0001:00126aa0       to_uint8                   0000000140127aa0 f   libifcoremt:for_fmt_val.obj
 0001:00126ac0       to_uint16                  0000000140127ac0 f   libifcoremt:for_fmt_val.obj
 0001:00126ae0       to_int8                    0000000140127ae0 f   libifcoremt:for_fmt_val.obj
 0001:00126b00       to_int16                   0000000140127b00 f   libifcoremt:for_fmt_val.obj
 0001:0012b5a0       for__prompt_user           000000014012c5a0 f   libifcoremt:for_nt_open_proc.obj
 0001:00131700       for__console_control_handler 0000000140132700 f   libifcoremt:for_init.obj
 0001:00151fe0       write_message              0000000140152fe0 f   libmmt:libm_error.obj
 0001:00158dc0       ctrlevent_capture          0000000140159dc0 f   LIBCMT:winsig.obj
 0001:00159960       _initterm                  000000014015a960 f   LIBCMT:crt0dat.obj
 0001:00159a80       doexit                     000000014015aa80 f   LIBCMT:crt0dat.obj
 0001:0015b7b4       vscan_fn                   000000014015c7b4 f   LIBCMT:sscanf.obj
 0001:0015c440       _cftoe2_l                  000000014015d440 f   LIBCMT:cvt.obj
 0001:0015cbd0       _cftof2_l                  000000014015dbd0 f   LIBCMT:cvt.obj
 0001:0015dea4       ?setSBCS@@YAXPEAUthreadmbcinfostruct@@@Z 000000014015eea4 f   LIBCMT:mbctype.obj
 0001:0015df38       ?setSBUpLow@@YAXPEAUthreadmbcinfostruct@@@Z 000000014015ef38 f   LIBCMT:mbctype.obj
 0001:0015e1d8       ?getSystemCP@@YAHH@Z       000000014015f1d8 f   LIBCMT:mbctype.obj
 0001:0015e9bc       _updatetlocinfoEx_nolock   000000014015f9bc f   LIBCMT:setlocal.obj
 0001:0015ea8c       ?__crtLCMapStringA_stat@@YAHPEAUlocaleinfo_struct@@KKPEBDHPEADHHH@Z 000000014015fa8c f   LIBCMT:a_map.obj
 0001:0015fa8c       write_char                 0000000140160a8c f   LIBCMT:output.obj
 0001:0015fad4       write_multi_char           0000000140160ad4 f   LIBCMT:output.obj
 0001:0015fb28       write_string               0000000140160b28 f   LIBCMT:output.obj
 0001:00160c40       flsall                     0000000140161c40 f   LIBCMT:fflush.obj
 0001:00161ba0       __check_float_string       0000000140162ba0 f   LIBCMT:input.obj
 0001:00161c38       _inc                       0000000140162c38 f   LIBCMT:input.obj
 0001:00162de0       ?strtoxl@@YAKPEAUlocaleinfo_struct@@PEBDPEAPEBDHH@Z 0000000140163de0 f   LIBCMT:strtol.obj
 0001:00163094       __tmainCRTStartup          0000000140164094 f   LIBCMT:crt0.obj
 0001:00163a00       ?__crtGetStringTypeA_stat@@YAHPEAUlocaleinfo_struct@@KPEBDHPEAGHHH@Z 0000000140164a00 f   LIBCMT:a_str.obj
 0001:00164708       ?__crtCompareStringA_stat@@YAHPEAUlocaleinfo_struct@@KKPEBDH1HH@Z 0000000140165708 f   LIBCMT:a_cmp.obj
 0001:001654dc       _tsopen_nolock             00000001401664dc f   LIBCMT:open.obj
 0001:00166774       parse_cmdline              0000000140167774 f   LIBCMT:stdargv.obj
 0001:00169c6c       ?x_ismbbtype_l@@YAHPEAUlocaleinfo_struct@@IHH@Z 000000014016ac6c f   LIBCMT:ismbbyte.obj
 0001:0016a370       stackwalk_cb               000000014016b370 f   libirc:tbk_display.obj
 0001:00171888       _splitpath_helper          0000000140172888 f   LIBCMT:splitpat.obj
 0001:00172738       ax0                        0000000140173738 f   LIBCMT:_filter_simd_.obj
 0001:00172744       ax8                        0000000140173744 f   LIBCMT:_filter_simd_.obj
 0001:00172758       ax32                       0000000140173758 f   LIBCMT:_filter_simd_.obj
 0001:00172768       cx0                        0000000140173768 f   LIBCMT:_filter_simd_.obj
 0001:00172778       cx8                        0000000140173778 f   LIBCMT:_filter_simd_.obj
 0001:0017278c       cx32                       000000014017378c f   LIBCMT:_filter_simd_.obj
 0001:001727a0       dx0                        00000001401737a0 f   LIBCMT:_filter_simd_.obj
 0001:001727b0       dx8                        00000001401737b0 f   LIBCMT:_filter_simd_.obj
 0001:001727c4       dx32                       00000001401737c4 f   LIBCMT:_filter_simd_.obj
 0001:001727d8       bx0                        00000001401737d8 f   LIBCMT:_filter_simd_.obj
 0001:001727e8       bx8                        00000001401737e8 f   LIBCMT:_filter_simd_.obj
 0001:001727fc       bx32                       00000001401737fc f   LIBCMT:_filter_simd_.obj
 0001:00172810       sib0                       0000000140173810 f   LIBCMT:_filter_simd_.obj
 0001:00172984       sib8                       0000000140173984 f   LIBCMT:_filter_simd_.obj
 0001:00172ae8       sib32                      0000000140173ae8 f   LIBCMT:_filter_simd_.obj
 0001:00172c4c       d32                        0000000140173c4c f   LIBCMT:_filter_simd_.obj
 0001:00172c58       bp8                        0000000140173c58 f   LIBCMT:_filter_simd_.obj
 0001:00172c6c       bp32                       0000000140173c6c f   LIBCMT:_filter_simd_.obj
 0001:00172c80       si0                        0000000140173c80 f   LIBCMT:_filter_simd_.obj
 0001:00172c90       si8                        0000000140173c90 f   LIBCMT:_filter_simd_.obj
 0001:00172ca4       si32                       0000000140173ca4 f   LIBCMT:_filter_simd_.obj
 0001:00172cb8       di0                        0000000140173cb8 f   LIBCMT:_filter_simd_.obj
 0001:00172cc8       di8                        0000000140173cc8 f   LIBCMT:_filter_simd_.obj
 0001:00172cdc       di32                       0000000140173cdc f   LIBCMT:_filter_simd_.obj
 0001:00172cf0       reg                        0000000140173cf0 f   LIBCMT:_filter_simd_.obj
 0001:00175d60       __Fill_FPIEEE_RECORD2      0000000140176d60 f   LIBCMT:_xmmi_fp_emul_.obj
 0001:00175d60       __Fill_FPIEEE_RECORD       0000000140176d60 f   LIBCMT:_xmmi_fp_emul_.obj
 0001:001776f0       ctrlevent_capture$fin$0    00000001401786f0 f   LIBCMT:winsig.obj
 0001:00177706       signal$fin$0               0000000140178706 f   LIBCMT:winsig.obj
 0001:0017771c       raise$fin$0                000000014017871c f   LIBCMT:winsig.obj
 0001:00177738       _onexit$fin$0              0000000140178738 f   LIBCMT:onexit.obj
 0001:0017774c       doexit$fin$0               000000014017874c f   LIBCMT:crt0dat.obj
 0001:0017776e       getenv$fin$0               000000014017876e f   LIBCMT:getenv.obj
 0001:00177787       fprintf$fin$0              0000000140178787 f   LIBCMT:fprintf.obj
 0001:0017779f       _fsopen$fin$0              000000014017879f f   LIBCMT:fopen.obj
 0001:001777b7       fclose$fin$0               00000001401787b7 f   LIBCMT:fclose.obj
 0001:001777cf       _freopen_helper$fin$0      00000001401787cf f   LIBCMT:freopen.obj
 0001:001777e7       __lock_fhandle$fin$0       00000001401787e7 f   LIBCMT:osfinfo.obj
 0001:00177800       _alloc_osfhnd$fin$0        0000000140178800 f   LIBCMT:osfinfo.obj
 0001:00177820       _alloc_osfhnd$fin$1        0000000140178820 f   LIBCMT:osfinfo.obj
 0001:00177839       _open_osfhandle$fin$0      0000000140178839 f   LIBCMT:osfinfo.obj
 0001:00177882       fputs$fin$0                0000000140178882 f   LIBCMT:fputs.obj
 0001:0017789a       _mtinitlocknum$fin$0       000000014017889a f   LIBCMT:mlock.obj
 0001:001778b6       _initptd$fin$1             00000001401788b6 f   LIBCMT:tidtable.obj
 0001:001778b6       _freefls$fin$1             00000001401788b6 f   LIBCMT:tidtable.obj
 0001:001778d6       _initptd$fin$0             00000001401788d6 f   LIBCMT:tidtable.obj
 0001:001778d6       _freefls$fin$0             00000001401788d6 f   LIBCMT:tidtable.obj
 0001:001778f0       _IsNonwritableInCurrentImage$filt$0 00000001401788f0 f   LIBCMT:pesect.obj
 0001:00177911       _setmbcp$fin$0             0000000140178911 f   LIBCMT:mbctype.obj
 0001:00177911       __updatetmbcinfo$fin$0     0000000140178911 f   LIBCMT:mbctype.obj
 0001:0017792a       __updatetlocinfo$fin$0     000000014017892a f   LIBCMT:setlocal.obj
 0001:00177943       __crtInitCritSecAndSpinCount$filt$0 0000000140178943 f   LIBCMT:initcrit.obj
 0001:00177965       _fcloseall$fin$0           0000000140178965 f   LIBCMT:closeall.obj
 0001:00177965       _getstream$fin$0           0000000140178965 f   LIBCMT:closeall.obj
 0001:0017797e       flsall$fin$0               000000014017897e f   LIBCMT:fflush.obj
 0001:001779ae       flsall$fin$1               00000001401789ae f   LIBCMT:fflush.obj
 0001:001779c7       _commit$fin$0              00000001401789c7 f   LIBCMT:close.obj
 0001:001779c7       _close$fin$0               00000001401789c7 f   LIBCMT:close.obj
 0001:001779de       _lseeki64$fin$0            00000001401789de f   LIBCMT:lseeki64.obj
 0001:001779de       _read$fin$0                00000001401789de f   LIBCMT:lseeki64.obj
 0001:001779de       _write$fin$0               00000001401789de f   LIBCMT:lseeki64.obj
 0001:001779f5       __tmainCRTStartup$filt$0   00000001401789f5 f   LIBCMT:crt0.obj
 0001:00177a11       _sopen_helper$fin$0        0000000140178a11 f   LIBCMT:open.obj
 0001:00177a64       fpieee_flt_simd$filt$1     0000000140178a64 f   LIBCMT:_filter_simd_.obj
 0001:00177a84       fpieee_flt_simd$filt$0     0000000140178a84 f   LIBCMT:_filter_simd_.obj
